===== SYSTEM DEBUG DUMP (20250727_173815) =====

## Hostname
HOSTNAME: <your-hostname-masked>

## Kernel & OS
Kernel: Linux 6.15.7-arch1-1 x86_64 GNU/Linux
OS Release:
NAME="EndeavourOS"
PRETTY_NAME="EndeavourOS"

## Installed Packages (explicitly installed)
7zip
accountsservice
acpi
alsa-firmware
alsa-plugins
alsa-utils
androguard
android-apktool
android-emulator
android-sdk
arc-gtk-theme-eos
aria2
aspell
audacity
autotiling
awesome-terminal-fonts
azote
b43-fwcutter
barf
base
base-devel
bash-completion
bind
binwalk
blackarch-keyring
bluez
bluez-utils
bottles
brave-bin
brightnessctl
btop
btrfs-progs
burpsuite
bytecode-viewer
cantarell-fonts
chatbox-bin
claude-code
cliphist
cryptsetup
cursor-bin
debuginfod
device-mapper
dex2jar
diffutils
dmidecode
dmraid
dnsmasq
dosfstools
dotdotpwn
downgrade
dracut
duf
e2fsprogs
efibootmgr
efitools
egl-wayland
endeavouros-branding
endeavouros-keyring
endeavouros-mirrorlist
eos-apps-info
eos-dracut
eos-hooks
eos-log-tool
eos-packagelist
eos-quickstart
eos-rankmirrors
eresi
ethtool
exfatprogs
f2fs-tools
fastfetch
ffmpegthumbnailer
file-roller
firefox
firewalld
foot
fuzzel
gdb
ghidra
git
glances
gnu-netcat
go
gobuster
gparted
greetd
greetd-regreet
grim
grub
gst-libav
gst-plugin-pipewire
gst-plugins-bad
gst-plugins-ugly
gtk-engine-murrine
gtk-layer-shell
gtklock
gtklock-powerbar-module
gtklock-userinfo-module
gvfs
gvfs-afc
gvfs-gphoto2
gvfs-mtp
gvfs-nfs
gvfs-smb
haveged
hdparm
hexedit
hopper
htop
hwdetect
hwinfo
ida-free
inetutils
intel-ucode
inxi
iptables-nft
iwd
jadx-gui-desktop
jd-gui
jdk11-openjdk
jfsutils
johnny
jq
less
lib32-glibc
libdvdcss
libgsf
libopenraw
libwnck3
linux
linux-firmware
linux-headers
logrotate
lsb-release
lsscsi
ltrace
lvm2
mako
malwasm
man-db
man-pages
manga-tui
mara-framework
mdadm
meld
mesa-utils
modemmanager
mpv
mtools
nano
nano-syntax-highlighting
neovim
netctl
network-manager-applet
networkmanager
networkmanager-openconnect
networkmanager-openvpn
nfs-utils
nilfs-utils
nmap
noto-fonts
noto-fonts-cjk
noto-fonts-emoji
noto-fonts-extra
npm
nss-mdns
ntfs-3g
ntp
nvidia
nvidia-utils
nwg-drawer
nwg-look
nyancat
obsidian
oculante
openssh
os-prober
pacman-contrib
pamixer
paru
pavucontrol
perl
perl-image-exiftool
pipewire-alsa
pipewire-jack
pipewire-pulse
pkgfile
plocate
polkit-gnome
poppler-glib
power-profiles-daemon
pv
python
python-defusedxml
python-packaging
python-pip
python-pyqt6
qbittorrent
qt5-base
qt5-svg
qt5-tools
qt5-wayland
quickmedia
radare2
rebuild-detector
reflector
reflector-simple
rsync
rtkit
rustbuster
s-nail
sg3_utils
signal-desktop-beta-bin
slurp
smartmontools
sof-firmware
sox
steghide
stegseek
stow
strace
sudo
swappy
sway
sway-contrib
swaybg
swayidle
sysfsutils
sysstat
systemd-sysvcompat
tachidesk-sorayomi-bin
termdown
texinfo
thunar
thunar-archive-plugin
thunar-volman
tinyxxd
tldr
tree
ttf-bitstream-vera
ttf-dejavu
ttf-jetbrains-mono
ttf-liberation
ttf-nerd-fonts-symbols
ttf-opensans
ttf-ubuntu-font-family
unrar
unyo-bin
unzip
upower
usb_modeswitch
usbutils
vesktop-bin
vi
visual-studio-code-bin
vlc
vlc-gui-ncurses
vlc-gui-skins2
vlc-plugin-aalib
vlc-plugin-aom
vlc-plugin-archive
vlc-plugin-aribb24
vlc-plugin-aribb25
vlc-plugin-ass
vlc-plugin-avahi
vlc-plugin-bluray
vlc-plugin-caca
vlc-plugin-cddb
vlc-plugin-chromecast
vlc-plugin-dca
vlc-plugin-dvb
vlc-plugin-dvd
vlc-plugin-ffmpeg
vlc-plugin-firewire
vlc-plugin-fluidsynth
vlc-plugin-freetype
vlc-plugin-gme
vlc-plugin-gstreamer
vlc-plugin-jack
vlc-plugin-kate
vlc-plugin-kwallet
vlc-plugin-libsecret
vlc-plugin-lirc
vlc-plugin-live555
vlc-plugin-mad
vlc-plugin-matroska
vlc-plugin-mdns
vlc-plugin-modplug
vlc-plugin-mpeg2
vlc-plugin-mtp
vlc-plugin-musepack
vlc-plugin-nfs
vlc-plugin-notify
vlc-plugin-ogg
vlc-plugin-quicksync
vlc-plugin-samplerate
vlc-plugin-sdl
vlc-plugin-sftp
vlc-plugin-smb
vlc-plugin-soxr
vlc-plugin-srt
vlc-plugin-svg
vlc-plugin-udev
vlc-plugin-upnp
vlc-plugin-x264
vlc-plugin-x265
vlc-plugin-zvbi
vlc-plugins-all
vlc-plugins-extra
vlc-plugins-visualization
waybar
wayland-protocols
welcome
wget
which
wireplumber
wl-clipboard
wordlistctl
wpa_supplicant
wpaperd
wxtoimg
xdg-desktop-portal-wlr
xdg-user-dirs
xdg-utils
xed
xf86-input-libinput
xfsprogs
xl2tpd
xorg-server
xorg-xdpyinfo
xorg-xinit
xorg-xinput
xorg-xkill
xorg-xrandr
xorg-xwayland
xterm
yay
yazi
yt-dlp
zsh
zsh-antidote

## Hardware
- CPU:
  •                              Intel(R) Core(TM) i5-7200U CPU @ 2.50GHz
- PCI devices:
00:00.0 Host bridge: Intel Corporation Xeon E3-1200 v6/7th Gen Core Processor Host Bridge/DRAM Registers (rev 02)
	Subsystem: ASUSTeK Computer Inc. Device 1a40
	Kernel driver in use: skl_uncore
00:02.0 VGA compatible controller: Intel Corporation HD Graphics 620 (rev 02)
	Subsystem: ASUSTeK Computer Inc. Device 145e
	Kernel driver in use: i915
	Kernel modules: i915
00:04.0 Signal processing controller: Intel Corporation Xeon E3-1200 v5/E3-1500 v5/6th Gen Core Processor Thermal Subsystem (rev 02)
	Subsystem: ASUSTeK Computer Inc. Device 1a40
	Kernel driver in use: proc_thermal
	Kernel modules: processor_thermal_device_pci_legacy
00:14.0 USB controller: Intel Corporation Sunrise Point-LP USB 3.0 xHCI Controller (rev 21)
	Subsystem: ASUSTeK Computer Inc. Device 201f
	Kernel driver in use: xhci_hcd
00:14.2 Signal processing controller: Intel Corporation Sunrise Point-LP Thermal subsystem (rev 21)
	Subsystem: ASUSTeK Computer Inc. Device 1a40
	Kernel driver in use: intel_pch_thermal
	Kernel modules: intel_pch_thermal
00:15.0 Signal processing controller: Intel Corporation Sunrise Point-LP Serial IO I2C Controller #0 (rev 21)
	Subsystem: ASUSTeK Computer Inc. Device 1a40
	Kernel driver in use: intel-lpss
	Kernel modules: intel_lpss_pci
00:15.1 Signal processing controller: Intel Corporation Sunrise Point-LP Serial IO I2C Controller #1 (rev 21)
	Subsystem: ASUSTeK Computer Inc. Device 1a40
	Kernel driver in use: intel-lpss
	Kernel modules: intel_lpss_pci
00:16.0 Communication controller: Intel Corporation Sunrise Point-LP CSME HECI #1 (rev 21)
	Subsystem: ASUSTeK Computer Inc. Device 1a40
	Kernel driver in use: mei_me
	Kernel modules: mei_me
00:17.0 SATA controller: Intel Corporation Sunrise Point-LP SATA Controller [AHCI mode] (rev 21)
	Subsystem: ASUSTeK Computer Inc. Device 1a40
	Kernel driver in use: ahci
00:1c.0 PCI bridge: Intel Corporation Sunrise Point-LP PCI Express Root Port #1 (rev f1)
	Subsystem: ASUSTeK Computer Inc. Device 1a40
	Kernel driver in use: pcieport
00:1c.5 PCI bridge: Intel Corporation Sunrise Point-LP PCI Express Root Port #6 (rev f1)
	Subsystem: ASUSTeK Computer Inc. Device 1a40
	Kernel driver in use: pcieport
00:1e.0 Signal processing controller: Intel Corporation Sunrise Point-LP Serial IO UART Controller #0 (rev 21)
	Subsystem: ASUSTeK Computer Inc. Device 1d2d
	Kernel driver in use: intel-lpss
	Kernel modules: intel_lpss_pci
00:1e.2 Signal processing controller: Intel Corporation Sunrise Point-LP Serial IO SPI Controller #0 (rev 21)
	Subsystem: ASUSTeK Computer Inc. Device 1d2d
	Kernel driver in use: intel-lpss
	Kernel modules: intel_lpss_pci
00:1f.0 ISA bridge: Intel Corporation Sunrise Point LPC/eSPI Controller (rev 21)
	Subsystem: ASUSTeK Computer Inc. Device 1a40
00:1f.2 Memory controller: Intel Corporation Sunrise Point-LP PMC (rev 21)
	Subsystem: ASUSTeK Computer Inc. Device 1a40
00:1f.3 Audio device: Intel Corporation Sunrise Point-LP HD Audio (rev 21)
	Subsystem: ASUSTeK Computer Inc. Device 1a40
	Kernel driver in use: snd_hda_intel
	Kernel modules: snd_hda_intel, snd_soc_avs
00:1f.4 SMBus: Intel Corporation Sunrise Point-LP SMBus (rev 21)
	Subsystem: ASUSTeK Computer Inc. Device 1a40
	Kernel driver in use: i801_smbus
	Kernel modules: i2c_i801
01:00.0 3D controller: NVIDIA Corporation GM108M [GeForce 940MX] (rev a2)
	Subsystem: ASUSTeK Computer Inc. Device 145e
	Kernel driver in use: nvidia
	Kernel modules: nouveau, nvidia_drm, nvidia
02:00.0 Network controller: Intel Corporation Wireless 8265 / 8275 (rev 78)
	Subsystem: Intel Corporation Dual Band Wireless-AC 8265 [Windstorm Peak]
	Kernel driver in use: iwlwifi
	Kernel modules: iwlwifi
- USB devices:
Bus 001 Device 001: ID 1d6b:0002 Linux Foundation 2.0 root hub
Bus 001 Device 002: ID 13d3:5a07 IMC Networks VGA UVC WebCam
Bus 001 Device 003: ID 8087:0a2b Intel Corp. Bluetooth wireless interface
Bus 002 Device 001: ID 1d6b:0003 Linux Foundation 3.0 root hub
- Block devices & filesystems:
NAME   FSTYPE FSVER LABEL       UUID                                 FSAVAIL FSUSE% MOUNTPOINTS
sda                                                                                 
├─sda1 vfat   FAT32             C261-DA8D                                 2G     0% /boot/efi
├─sda2 ext4   1.0   endeavouros 537d0fb6-33ea-41e7-9c47-e351c22a297b   85.3G    57% /
└─sda3 swap   1     swap        74ce3d12-63a3-4838-ab84-92b1d5eb7543                [SWAP]
- Memory:
               total        used        free      shared  buff/cache   available
Mem:            15Gi       2.6Gi        10Gi       835Mi       3.0Gi        12Gi
Swap:          8.8Gi          0B       8.8Gi
- Disks & partitions usage:
Filesystem      Size  Used Avail Use% Mounted on
/dev/sda2       224G  127G   86G  60% /
devtmpfs        7.7G     0  7.7G   0% /dev
tmpfs           7.8G  712K  7.8G   1% /dev/shm
efivarfs        128K   34K   90K  28% /sys/firmware/efi/efivars
tmpfs           3.1G  1.5M  3.1G   1% /run
tmpfs           1.0M     0  1.0M   0% /run/credentials/systemd-journald.service
tmpfs           7.8G  5.6M  7.8G   1% /tmp
/dev/sda1       2.0G  320K  2.0G   1% /boot/efi
tmpfs           1.6G   40K  1.6G   1% /run/user/1000

## Network
- Interfaces & addresses:
1: lo: <LOOPBACK,UP,LOWER_UP> mtu 65536 qdisc noqueue state UNKNOWN group default qlen 1000
    link/loopback 00:00:00:00:00:00 brd 00:00:00:00:00:00
    inet 127.0.0.1/8 scope host lo
       valid_lft forever preferred_lft forever
    inet6 ::1/128 scope host noprefixroute 
       valid_lft forever preferred_lft forever
2: wlan0: <BROADCAST,MULTICAST,UP,LOWER_UP> mtu 1500 qdisc noqueue state UP group default qlen 1000
    link/ether f8:59:71:42:81:f5 brd ff:ff:ff:ff:ff:ff
    inet 192.168.0.109/24 brd 192.168.0.255 scope global dynamic noprefixroute wlan0
       valid_lft 85397sec preferred_lft 85397sec
    inet6 fe80::d871:f48c:8958:8139/64 scope link noprefixroute 
       valid_lft forever preferred_lft forever
- Routing table:
default via 192.168.0.1 dev wlan0 proto dhcp src 192.168.0.109 metric 600 
192.168.0.0/24 dev wlan0 proto kernel scope link src 192.168.0.109 metric 600 

## systemd
- Failed units:
  UNIT LOAD ACTIVE SUB DESCRIPTION

0 loaded units listed.

- Sway service (if any):
Unit sway.service could not be found.
(no systemd sway service detected)

- Timers:
NEXT                          LEFT LAST                              PASSED UNIT                             ACTIVATES
Mon 2025-07-28 00:00:00 +06     6h Tue 2025-07-22 17:08:44 +06            - paccache.timer                   paccache.service
Mon 2025-07-28 00:00:00 +06     6h Sun 2025-07-27 00:00:36 +06            - shadow.timer                     shadow.service
Mon 2025-07-28 00:36:05 +06     6h Sun 2025-07-27 00:03:36 +06            - plocate-updatedb.timer           plocate-updatedb.service
Mon 2025-07-28 00:36:11 +06     6h Sun 2025-07-27 00:18:51 +06            - logrotate.timer                  logrotate.service
Mon 2025-07-28 01:03:03 +06     7h Mon 2025-07-21 00:46:11 +06            - fstrim.timer                     fstrim.service
Mon 2025-07-28 02:12:27 +06     8h Sun 2025-07-27 06:54:24 +06            - man-db.timer                     man-db.service
Mon 2025-07-28 17:36:33 +06    23h Sun 2025-07-27 17:36:33 +06 1min 42s ago systemd-tmpfiles-clean.timer     systemd-tmpfiles-clean.service
Sun 2025-08-03 11:47:27 +06 6 days Tue 2025-07-22 17:08:44 +06            - archlinux-keyring-wkd-sync.timer archlinux-keyring-wkd-sync.service

8 timers listed.

## Journal Logs (current boot)
--- Full journalctl -b ---
Jul 27 17:21:22 arch kernel: Linux version 6.15.7-arch1-1 (linux@archlinux) (gcc (GCC) 15.1.1 20250425, GNU ld (GNU Binutils) 2.44.0) #1 SMP PREEMPT_DYNAMIC Thu, 17 Jul 2025 21:05:29 +0000
Jul 27 17:21:22 arch kernel: Command line: BOOT_IMAGE=/boot/vmlinuz-linux root=UUID=537d0fb6-33ea-41e7-9c47-e351c22a297b rw nowatchdog nvme_load=YES resume=UUID=74ce3d12-63a3-4838-ab84-92b1d5eb7543 loglevel=3
Jul 27 17:21:22 arch kernel: BIOS-provided physical RAM map:
Jul 27 17:21:22 arch kernel: BIOS-e820: [mem 0x0000000000000000-0x0000000000057fff] usable
Jul 27 17:21:22 arch kernel: BIOS-e820: [mem 0x0000000000058000-0x0000000000058fff] reserved
Jul 27 17:21:22 arch kernel: BIOS-e820: [mem 0x0000000000059000-0x000000000009efff] usable
Jul 27 17:21:22 arch kernel: BIOS-e820: [mem 0x000000000009f000-0x00000000000fffff] reserved
Jul 27 17:21:22 arch kernel: BIOS-e820: [mem 0x0000000000100000-0x0000000083d9ffff] usable
Jul 27 17:21:22 arch kernel: BIOS-e820: [mem 0x0000000083da0000-0x0000000083da0fff] ACPI NVS
Jul 27 17:21:22 arch kernel: BIOS-e820: [mem 0x0000000083da1000-0x0000000083da1fff] reserved
Jul 27 17:21:22 arch kernel: BIOS-e820: [mem 0x0000000083da2000-0x0000000089afffff] usable
Jul 27 17:21:22 arch kernel: BIOS-e820: [mem 0x0000000089b00000-0x000000008a97bfff] reserved
Jul 27 17:21:22 arch kernel: BIOS-e820: [mem 0x000000008a97c000-0x000000008a9c3fff] ACPI data
Jul 27 17:21:22 arch kernel: BIOS-e820: [mem 0x000000008a9c4000-0x000000008ae1afff] ACPI NVS
Jul 27 17:21:22 arch kernel: BIOS-e820: [mem 0x000000008ae1b000-0x000000008b37efff] reserved
Jul 27 17:21:22 arch kernel: BIOS-e820: [mem 0x000000008b37f000-0x000000008b3fefff] usable
Jul 27 17:21:22 arch kernel: BIOS-e820: [mem 0x000000008b3ff000-0x000000008fffffff] reserved
Jul 27 17:21:22 arch kernel: BIOS-e820: [mem 0x00000000f0000000-0x00000000f7ffffff] reserved
Jul 27 17:21:22 arch kernel: BIOS-e820: [mem 0x00000000fe000000-0x00000000fe010fff] reserved
Jul 27 17:21:22 arch kernel: BIOS-e820: [mem 0x00000000fec00000-0x00000000fec00fff] reserved
Jul 27 17:21:22 arch kernel: BIOS-e820: [mem 0x00000000fed00000-0x00000000fed00fff] reserved
Jul 27 17:21:22 arch kernel: BIOS-e820: [mem 0x00000000fee00000-0x00000000fee00fff] reserved
Jul 27 17:21:22 arch kernel: BIOS-e820: [mem 0x00000000ff000000-0x00000000ffffffff] reserved
Jul 27 17:21:22 arch kernel: BIOS-e820: [mem 0x0000000100000000-0x000000046effffff] usable
Jul 27 17:21:22 arch kernel: NX (Execute Disable) protection: active
Jul 27 17:21:22 arch kernel: APIC: Static calls initialized
Jul 27 17:21:22 arch kernel: efi: EFI v2.6 by American Megatrends
Jul 27 17:21:22 arch kernel: efi: TPMFinalLog=0x8adea000 ACPI 2.0=0x8a98a000 ACPI=0x8a98a000 SMBIOS=0x8b203000 SMBIOS 3.0=0x8b202000 ESRT=0x88514e18 INITRD=0x83e63e18 TPMEventLog=0x8a985018 
Jul 27 17:21:22 arch kernel: efi: Remove mem36: MMIO range=[0xf0000000-0xf7ffffff] (128MB) from e820 map
Jul 27 17:21:22 arch kernel: e820: remove [mem 0xf0000000-0xf7ffffff] reserved
Jul 27 17:21:22 arch kernel: efi: Not removing mem37: MMIO range=[0xfe000000-0xfe010fff] (68KB) from e820 map
Jul 27 17:21:22 arch kernel: efi: Not removing mem38: MMIO range=[0xfec00000-0xfec00fff] (4KB) from e820 map
Jul 27 17:21:22 arch kernel: efi: Not removing mem39: MMIO range=[0xfed00000-0xfed00fff] (4KB) from e820 map
Jul 27 17:21:22 arch kernel: efi: Not removing mem40: MMIO range=[0xfee00000-0xfee00fff] (4KB) from e820 map
Jul 27 17:21:22 arch kernel: efi: Remove mem41: MMIO range=[0xff000000-0xffffffff] (16MB) from e820 map
Jul 27 17:21:22 arch kernel: e820: remove [mem 0xff000000-0xffffffff] reserved
Jul 27 17:21:22 arch kernel: SMBIOS 3.0.0 present.
Jul 27 17:21:22 arch kernel: DMI: ASUSTeK COMPUTER INC. X510UQ/X510UQ, BIOS X510UQ.311 10/29/2021
Jul 27 17:21:22 arch kernel: DMI: Memory slots populated: 2/4
Jul 27 17:21:22 arch kernel: tsc: Detected 2700.000 MHz processor
Jul 27 17:21:22 arch kernel: tsc: Detected 2699.909 MHz TSC
Jul 27 17:21:22 arch kernel: [Firmware Bug]: TSC ADJUST: CPU0: -21511688 force to 0
Jul 27 17:21:22 arch kernel: e820: update [mem 0x00000000-0x00000fff] usable ==> reserved
Jul 27 17:21:22 arch kernel: e820: remove [mem 0x000a0000-0x000fffff] usable
Jul 27 17:21:22 arch kernel: last_pfn = 0x46f000 max_arch_pfn = 0x400000000
Jul 27 17:21:22 arch kernel: MTRR map: 4 entries (3 fixed + 1 variable; max 23), built from 10 variable MTRRs
Jul 27 17:21:22 arch kernel: x86/PAT: Configuration [0-7]: WB  WC  UC- UC  WB  WP  UC- WT  
Jul 27 17:21:22 arch kernel: last_pfn = 0x8b3ff max_arch_pfn = 0x400000000
Jul 27 17:21:22 arch kernel: found SMP MP-table at [mem 0x000fcc60-0x000fcc6f]
Jul 27 17:21:22 arch kernel: esrt: Reserving ESRT space from 0x0000000088514e18 to 0x0000000088514e50.
Jul 27 17:21:22 arch kernel: e820: update [mem 0x88514000-0x88514fff] usable ==> reserved
Jul 27 17:21:22 arch kernel: Using GB pages for direct mapping
Jul 27 17:21:22 arch kernel: Secure boot disabled
Jul 27 17:21:22 arch kernel: RAMDISK: [mem 0x75c3c000-0x80c39fff]
Jul 27 17:21:22 arch kernel: ACPI: Early table checksum verification disabled
Jul 27 17:21:22 arch kernel: ACPI: RSDP 0x000000008A98A000 000024 (v02 _ASUS_)
Jul 27 17:21:22 arch kernel: ACPI: XSDT 0x000000008A98A0B8 0000EC (v01 _ASUS_ Notebook 01072009 AMI  00010013)
Jul 27 17:21:22 arch kernel: ACPI: FACP 0x000000008A9B53D0 000114 (v06 _ASUS_ Notebook 01072009 AMI  00010013)
Jul 27 17:21:22 arch kernel: ACPI: DSDT 0x000000008A98A230 02B19F (v02 _ASUS_ Notebook 01072009 INTL 20160422)
Jul 27 17:21:22 arch kernel: ACPI: FACS 0x000000008ADE9F00 000040
Jul 27 17:21:22 arch kernel: ACPI: APIC 0x000000008A9B54E8 000084 (v03 _ASUS_ Notebook 01072009 AMI  00010013)
Jul 27 17:21:22 arch kernel: ACPI: FPDT 0x000000008A9B5570 000044 (v01 _ASUS_ Notebook 01072009 AMI  00010013)
Jul 27 17:21:22 arch kernel: ACPI: FIDT 0x000000008A9B55B8 00009C (v01 _ASUS_ Notebook 01072009 AMI  00010013)
Jul 27 17:21:22 arch kernel: ACPI: ECDT 0x000000008A9B5658 0000C1 (v01 _ASUS_ Notebook 01072009 AMI. 00000005)
Jul 27 17:21:22 arch kernel: ACPI: MCFG 0x000000008A9B5720 00003C (v01 _ASUS_ Notebook 01072009 MSFT 00000097)
Jul 27 17:21:22 arch kernel: ACPI: SSDT 0x000000008A9B5760 000359 (v01 SataRe SataTabl 00001000 INTL 20160422)
Jul 27 17:21:22 arch kernel: ACPI: SSDT 0x000000008A9B5AC0 006075 (v02 DptfTa DptfTabl 00001000 INTL 20160422)
Jul 27 17:21:22 arch kernel: ACPI: SSDT 0x000000008A9BBB38 003176 (v02 SaSsdt SaSsdt   00003000 INTL 20160422)
Jul 27 17:21:22 arch kernel: ACPI: HPET 0x000000008A9BECB0 000038 (v01 INTEL  KBL-ULT  00000001 MSFT 0000005F)
Jul 27 17:21:22 arch kernel: ACPI: UEFI 0x000000008A9BECE8 000042 (v01 _ASUS_ Notebook 00000002      01000013)
Jul 27 17:21:22 arch kernel: ACPI: SSDT 0x000000008A9BED30 000EDE (v02 CpuRef CpuSsdt  00003000 INTL 20160422)
Jul 27 17:21:22 arch kernel: ACPI: LPIT 0x000000008A9BFC10 000094 (v01 INTEL  KBL-ULT  00000000 MSFT 0000005F)
Jul 27 17:21:22 arch kernel: ACPI: SSDT 0x000000008A9BFCA8 000141 (v02 INTEL  HdaDsp   00000000 INTL 20160422)
Jul 27 17:21:22 arch kernel: ACPI: SSDT 0x000000008A9BFDF0 00029F (v02 INTEL  sensrhub 00000000 INTL 20160422)
Jul 27 17:21:22 arch kernel: ACPI: SSDT 0x000000008A9C0090 00050D (v02 INTEL  TbtTypeC 00000000 INTL 20160422)
Jul 27 17:21:22 arch kernel: ACPI: DBGP 0x000000008A9C05A0 000034 (v01 INTEL           00000002 MSFT 0000005F)
Jul 27 17:21:22 arch kernel: ACPI: DBG2 0x000000008A9C05D8 000054 (v00 INTEL           00000002 MSFT 0000005F)
Jul 27 17:21:22 arch kernel: ACPI: SSDT 0x000000008A9C0630 00039B (v02 SgRef  SgUlt    00001000 INTL 20160422)
Jul 27 17:21:22 arch kernel: ACPI: SSDT 0x000000008A9C09D0 000829 (v02 SgRef  SgPch    00001000 INTL 20160422)
Jul 27 17:21:22 arch kernel: ACPI: DMAR 0x000000008A9C1200 000138 (v01 INTEL  KBL      00000001 INTL 00000001)
Jul 27 17:21:22 arch kernel: ACPI: BGRT 0x000000008A9C1338 000038 (v01 _ASUS_ Notebook 01072009 AMI  00010013)
Jul 27 17:21:22 arch kernel: ACPI: TPM2 0x000000008A9C1370 000034 (v03        Tpm2Tabl 00000001 AMI  00000000)
Jul 27 17:21:22 arch kernel: ACPI: SSDT 0x000000008A9C13A8 001F25 (v01 OptRef OptTabl  00001000 INTL 20160422)
Jul 27 17:21:22 arch kernel: ACPI: WSMT 0x000000008A9C32D0 000028 (v01 _ASUS_ Notebook 01072009 AMI  00010013)
Jul 27 17:21:22 arch kernel: ACPI: Reserving FACP table memory at [mem 0x8a9b53d0-0x8a9b54e3]
Jul 27 17:21:22 arch kernel: ACPI: Reserving DSDT table memory at [mem 0x8a98a230-0x8a9b53ce]
Jul 27 17:21:22 arch kernel: ACPI: Reserving FACS table memory at [mem 0x8ade9f00-0x8ade9f3f]
Jul 27 17:21:22 arch kernel: ACPI: Reserving APIC table memory at [mem 0x8a9b54e8-0x8a9b556b]
Jul 27 17:21:22 arch kernel: ACPI: Reserving FPDT table memory at [mem 0x8a9b5570-0x8a9b55b3]
Jul 27 17:21:22 arch kernel: ACPI: Reserving FIDT table memory at [mem 0x8a9b55b8-0x8a9b5653]
Jul 27 17:21:22 arch kernel: ACPI: Reserving ECDT table memory at [mem 0x8a9b5658-0x8a9b5718]
Jul 27 17:21:22 arch kernel: ACPI: Reserving MCFG table memory at [mem 0x8a9b5720-0x8a9b575b]
Jul 27 17:21:22 arch kernel: ACPI: Reserving SSDT table memory at [mem 0x8a9b5760-0x8a9b5ab8]
Jul 27 17:21:22 arch kernel: ACPI: Reserving SSDT table memory at [mem 0x8a9b5ac0-0x8a9bbb34]
Jul 27 17:21:22 arch kernel: ACPI: Reserving SSDT table memory at [mem 0x8a9bbb38-0x8a9becad]
Jul 27 17:21:22 arch kernel: ACPI: Reserving HPET table memory at [mem 0x8a9becb0-0x8a9bece7]
Jul 27 17:21:22 arch kernel: ACPI: Reserving UEFI table memory at [mem 0x8a9bece8-0x8a9bed29]
Jul 27 17:21:22 arch kernel: ACPI: Reserving SSDT table memory at [mem 0x8a9bed30-0x8a9bfc0d]
Jul 27 17:21:22 arch kernel: ACPI: Reserving LPIT table memory at [mem 0x8a9bfc10-0x8a9bfca3]
Jul 27 17:21:22 arch kernel: ACPI: Reserving SSDT table memory at [mem 0x8a9bfca8-0x8a9bfde8]
Jul 27 17:21:22 arch kernel: ACPI: Reserving SSDT table memory at [mem 0x8a9bfdf0-0x8a9c008e]
Jul 27 17:21:22 arch kernel: ACPI: Reserving SSDT table memory at [mem 0x8a9c0090-0x8a9c059c]
Jul 27 17:21:22 arch kernel: ACPI: Reserving DBGP table memory at [mem 0x8a9c05a0-0x8a9c05d3]
Jul 27 17:21:22 arch kernel: ACPI: Reserving DBG2 table memory at [mem 0x8a9c05d8-0x8a9c062b]
Jul 27 17:21:22 arch kernel: ACPI: Reserving SSDT table memory at [mem 0x8a9c0630-0x8a9c09ca]
Jul 27 17:21:22 arch kernel: ACPI: Reserving SSDT table memory at [mem 0x8a9c09d0-0x8a9c11f8]
Jul 27 17:21:22 arch kernel: ACPI: Reserving DMAR table memory at [mem 0x8a9c1200-0x8a9c1337]
Jul 27 17:21:22 arch kernel: ACPI: Reserving BGRT table memory at [mem 0x8a9c1338-0x8a9c136f]
Jul 27 17:21:22 arch kernel: ACPI: Reserving TPM2 table memory at [mem 0x8a9c1370-0x8a9c13a3]
Jul 27 17:21:22 arch kernel: ACPI: Reserving SSDT table memory at [mem 0x8a9c13a8-0x8a9c32cc]
Jul 27 17:21:22 arch kernel: ACPI: Reserving WSMT table memory at [mem 0x8a9c32d0-0x8a9c32f7]
Jul 27 17:21:22 arch kernel: No NUMA configuration found
Jul 27 17:21:22 arch kernel: Faking a node at [mem 0x0000000000000000-0x000000046effffff]
Jul 27 17:21:22 arch kernel: NODE_DATA(0) allocated [mem 0x46efd5280-0x46effffff]
Jul 27 17:21:22 arch kernel: Zone ranges:
Jul 27 17:21:22 arch kernel:   DMA      [mem 0x0000000000001000-0x0000000000ffffff]
Jul 27 17:21:22 arch kernel:   DMA32    [mem 0x0000000001000000-0x00000000ffffffff]
Jul 27 17:21:22 arch kernel:   Normal   [mem 0x0000000100000000-0x000000046effffff]
Jul 27 17:21:22 arch kernel:   Device   empty
Jul 27 17:21:22 arch kernel: Movable zone start for each node
Jul 27 17:21:22 arch kernel: Early memory node ranges
Jul 27 17:21:22 arch kernel:   node   0: [mem 0x0000000000001000-0x0000000000057fff]
Jul 27 17:21:22 arch kernel:   node   0: [mem 0x0000000000059000-0x000000000009efff]
Jul 27 17:21:22 arch kernel:   node   0: [mem 0x0000000000100000-0x0000000083d9ffff]
Jul 27 17:21:22 arch kernel:   node   0: [mem 0x0000000083da2000-0x0000000089afffff]
Jul 27 17:21:22 arch kernel:   node   0: [mem 0x000000008b37f000-0x000000008b3fefff]
Jul 27 17:21:22 arch kernel:   node   0: [mem 0x0000000100000000-0x000000046effffff]
Jul 27 17:21:22 arch kernel: Initmem setup node 0 [mem 0x0000000000001000-0x000000046effffff]
Jul 27 17:21:22 arch kernel: On node 0, zone DMA: 1 pages in unavailable ranges
Jul 27 17:21:22 arch kernel: On node 0, zone DMA: 1 pages in unavailable ranges
Jul 27 17:21:22 arch kernel: On node 0, zone DMA: 97 pages in unavailable ranges
Jul 27 17:21:22 arch kernel: On node 0, zone DMA32: 2 pages in unavailable ranges
Jul 27 17:21:22 arch kernel: On node 0, zone DMA32: 6271 pages in unavailable ranges
Jul 27 17:21:22 arch kernel: On node 0, zone Normal: 19457 pages in unavailable ranges
Jul 27 17:21:22 arch kernel: On node 0, zone Normal: 4096 pages in unavailable ranges
Jul 27 17:21:22 arch kernel: Reserving Intel graphics memory at [mem 0x8c000000-0x8fffffff]
Jul 27 17:21:22 arch kernel: ACPI: PM-Timer IO Port: 0x1808
Jul 27 17:21:22 arch kernel: ACPI: LAPIC_NMI (acpi_id[0x01] high edge lint[0x1])
Jul 27 17:21:22 arch kernel: ACPI: LAPIC_NMI (acpi_id[0x02] high edge lint[0x1])
Jul 27 17:21:22 arch kernel: ACPI: LAPIC_NMI (acpi_id[0x03] high edge lint[0x1])
Jul 27 17:21:22 arch kernel: ACPI: LAPIC_NMI (acpi_id[0x04] high edge lint[0x1])
Jul 27 17:21:22 arch kernel: IOAPIC[0]: apic_id 2, version 32, address 0xfec00000, GSI 0-119
Jul 27 17:21:22 arch kernel: ACPI: INT_SRC_OVR (bus 0 bus_irq 0 global_irq 2 dfl dfl)
Jul 27 17:21:22 arch kernel: ACPI: INT_SRC_OVR (bus 0 bus_irq 9 global_irq 9 high level)
Jul 27 17:21:22 arch kernel: ACPI: Using ACPI (MADT) for SMP configuration information
Jul 27 17:21:22 arch kernel: ACPI: HPET id: 0x8086a201 base: 0xfed00000
Jul 27 17:21:22 arch kernel: e820: update [mem 0x87e0f000-0x87e2cfff] usable ==> reserved
Jul 27 17:21:22 arch kernel: TSC deadline timer available
Jul 27 17:21:22 arch kernel: CPU topo: Max. logical packages:   1
Jul 27 17:21:22 arch kernel: CPU topo: Max. logical dies:       1
Jul 27 17:21:22 arch kernel: CPU topo: Max. dies per package:   1
Jul 27 17:21:22 arch kernel: CPU topo: Max. threads per core:   2
Jul 27 17:21:22 arch kernel: CPU topo: Num. cores per package:     2
Jul 27 17:21:22 arch kernel: CPU topo: Num. threads per package:   4
Jul 27 17:21:22 arch kernel: CPU topo: Allowing 4 present CPUs plus 0 hotplug CPUs
Jul 27 17:21:22 arch kernel: PM: hibernation: Registered nosave memory: [mem 0x00000000-0x00000fff]
Jul 27 17:21:22 arch kernel: PM: hibernation: Registered nosave memory: [mem 0x00058000-0x00058fff]
Jul 27 17:21:22 arch kernel: PM: hibernation: Registered nosave memory: [mem 0x0009f000-0x000fffff]
Jul 27 17:21:22 arch kernel: PM: hibernation: Registered nosave memory: [mem 0x83da0000-0x83da1fff]
Jul 27 17:21:22 arch kernel: PM: hibernation: Registered nosave memory: [mem 0x87e0f000-0x87e2cfff]
Jul 27 17:21:22 arch kernel: PM: hibernation: Registered nosave memory: [mem 0x88514000-0x88514fff]
Jul 27 17:21:22 arch kernel: PM: hibernation: Registered nosave memory: [mem 0x89b00000-0x8b37efff]
Jul 27 17:21:22 arch kernel: PM: hibernation: Registered nosave memory: [mem 0x8b3ff000-0xffffffff]
Jul 27 17:21:22 arch kernel: [mem 0x90000000-0xfdffffff] available for PCI devices
Jul 27 17:21:22 arch kernel: Booting paravirtualized kernel on bare hardware
Jul 27 17:21:22 arch kernel: clocksource: refined-jiffies: mask: 0xffffffff max_cycles: 0xffffffff, max_idle_ns: 1910969940391419 ns
Jul 27 17:21:22 arch kernel: setup_percpu: NR_CPUS:8192 nr_cpumask_bits:4 nr_cpu_ids:4 nr_node_ids:1
Jul 27 17:21:22 arch kernel: percpu: Embedded 62 pages/cpu s217088 r8192 d28672 u524288
Jul 27 17:21:22 arch kernel: pcpu-alloc: s217088 r8192 d28672 u524288 alloc=1*2097152
Jul 27 17:21:22 arch kernel: pcpu-alloc: [0] 0 1 2 3 
Jul 27 17:21:22 arch kernel: Kernel command line: BOOT_IMAGE=/boot/vmlinuz-linux root=UUID=537d0fb6-33ea-41e7-9c47-e351c22a297b rw nowatchdog nvme_load=YES resume=UUID=74ce3d12-63a3-4838-ab84-92b1d5eb7543 loglevel=3
Jul 27 17:21:22 arch kernel: Unknown kernel command line parameters "BOOT_IMAGE=/boot/vmlinuz-linux nvme_load=YES", will be passed to user space.
Jul 27 17:21:22 arch kernel: random: crng init done
Jul 27 17:21:22 arch kernel: printk: log buffer data + meta data: 131072 + 458752 = 589824 bytes
Jul 27 17:21:22 arch kernel: Dentry cache hash table entries: 2097152 (order: 12, 16777216 bytes, linear)
Jul 27 17:21:22 arch kernel: Inode-cache hash table entries: 1048576 (order: 11, 8388608 bytes, linear)
Jul 27 17:21:22 arch kernel: software IO TLB: area num 4.
Jul 27 17:21:22 arch kernel: Fallback order for Node 0: 0 
Jul 27 17:21:22 arch kernel: Built 1 zonelists, mobility grouping on.  Total pages: 4164379
Jul 27 17:21:22 arch kernel: Policy zone: Normal
Jul 27 17:21:22 arch kernel: mem auto-init: stack:all(zero), heap alloc:on, heap free:off
Jul 27 17:21:22 arch kernel: SLUB: HWalign=64, Order=0-3, MinObjects=0, CPUs=4, Nodes=1
Jul 27 17:21:22 arch kernel: Kernel/User page tables isolation: enabled
Jul 27 17:21:22 arch kernel: ftrace: allocating 55583 entries in 220 pages
Jul 27 17:21:22 arch kernel: ftrace: allocated 220 pages with 5 groups
Jul 27 17:21:22 arch kernel: Dynamic Preempt: full
Jul 27 17:21:22 arch kernel: rcu: Preemptible hierarchical RCU implementation.
Jul 27 17:21:22 arch kernel: rcu:         RCU restricting CPUs from NR_CPUS=8192 to nr_cpu_ids=4.
Jul 27 17:21:22 arch kernel: rcu:         RCU priority boosting: priority 1 delay 500 ms.
Jul 27 17:21:22 arch kernel:         Trampoline variant of Tasks RCU enabled.
Jul 27 17:21:22 arch kernel:         Rude variant of Tasks RCU enabled.
Jul 27 17:21:22 arch kernel:         Tracing variant of Tasks RCU enabled.
Jul 27 17:21:22 arch kernel: rcu: RCU calculated value of scheduler-enlistment delay is 100 jiffies.
Jul 27 17:21:22 arch kernel: rcu: Adjusting geometry for rcu_fanout_leaf=16, nr_cpu_ids=4
Jul 27 17:21:22 arch kernel: RCU Tasks: Setting shift to 2 and lim to 1 rcu_task_cb_adjust=1 rcu_task_cpu_ids=4.
Jul 27 17:21:22 arch kernel: RCU Tasks Rude: Setting shift to 2 and lim to 1 rcu_task_cb_adjust=1 rcu_task_cpu_ids=4.
Jul 27 17:21:22 arch kernel: RCU Tasks Trace: Setting shift to 2 and lim to 1 rcu_task_cb_adjust=1 rcu_task_cpu_ids=4.
Jul 27 17:21:22 arch kernel: NR_IRQS: 524544, nr_irqs: 1024, preallocated irqs: 16
Jul 27 17:21:22 arch kernel: rcu: srcu_init: Setting srcu_struct sizes based on contention.
Jul 27 17:21:22 arch kernel: kfence: initialized - using 2097152 bytes for 255 objects at 0x(____ptrval____)-0x(____ptrval____)
Jul 27 17:21:22 arch kernel: Console: colour dummy device 80x25
Jul 27 17:21:22 arch kernel: printk: legacy console [tty0] enabled
Jul 27 17:21:22 arch kernel: ACPI: Core revision 20240827
Jul 27 17:21:22 arch kernel: clocksource: hpet: mask: 0xffffffff max_cycles: 0xffffffff, max_idle_ns: 79635855245 ns
Jul 27 17:21:22 arch kernel: APIC: Switch to symmetric I/O mode setup
Jul 27 17:21:22 arch kernel: DMAR: Host address width 39
Jul 27 17:21:22 arch kernel: DMAR: DRHD base: 0x000000fed90000 flags: 0x0
Jul 27 17:21:22 arch kernel: DMAR: dmar0: reg_base_addr fed90000 ver 1:0 cap 1c0000c40660462 ecap 19e2ff0505e
Jul 27 17:21:22 arch kernel: DMAR: DRHD base: 0x000000fed91000 flags: 0x1
Jul 27 17:21:22 arch kernel: DMAR: dmar1: reg_base_addr fed91000 ver 1:0 cap d2008c40660462 ecap f050da
Jul 27 17:21:22 arch kernel: DMAR: RMRR base: 0x0000008a10c000 end: 0x0000008a12bfff
Jul 27 17:21:22 arch kernel: DMAR: RMRR base: 0x0000008b800000 end: 0x0000008fffffff
Jul 27 17:21:22 arch kernel: DMAR: ANDD device: 1 name: \_SB.PCI0.I2C0
Jul 27 17:21:22 arch kernel: DMAR: ANDD device: 2 name: \_SB.PCI0.I2C1
Jul 27 17:21:22 arch kernel: DMAR: ANDD device: 7 name: \_SB.PCI0.SPI0
Jul 27 17:21:22 arch kernel: DMAR: ANDD device: 9 name: \_SB.PCI0.UA00
Jul 27 17:21:22 arch kernel: DMAR-IR: IOAPIC id 2 under DRHD base  0xfed91000 IOMMU 1
Jul 27 17:21:22 arch kernel: DMAR-IR: HPET id 0 under DRHD base 0xfed91000
Jul 27 17:21:22 arch kernel: DMAR-IR: Queued invalidation will be enabled to support x2apic and Intr-remapping.
Jul 27 17:21:22 arch kernel: DMAR-IR: Enabled IRQ remapping in x2apic mode
Jul 27 17:21:22 arch kernel: x2apic enabled
Jul 27 17:21:22 arch kernel: APIC: Switched APIC routing to: cluster x2apic
Jul 27 17:21:22 arch kernel: ..TIMER: vector=0x30 apic1=0 pin1=2 apic2=-1 pin2=-1
Jul 27 17:21:22 arch kernel: clocksource: tsc-early: mask: 0xffffffffffffffff max_cycles: 0x26eae8729ef, max_idle_ns: 440795235156 ns
Jul 27 17:21:22 arch kernel: Calibrating delay loop (skipped), value calculated using timer frequency.. 5399.81 BogoMIPS (lpj=2699909)
Jul 27 17:21:22 arch kernel: x86/cpu: SGX disabled or unsupported by BIOS.
Jul 27 17:21:22 arch kernel: CPU0: Thermal monitoring enabled (TM1)
Jul 27 17:21:22 arch kernel: Last level iTLB entries: 4KB 64, 2MB 8, 4MB 8
Jul 27 17:21:22 arch kernel: Last level dTLB entries: 4KB 64, 2MB 32, 4MB 32, 1GB 4
Jul 27 17:21:22 arch kernel: process: using mwait in idle threads
Jul 27 17:21:22 arch kernel: Spectre V1 : Mitigation: usercopy/swapgs barriers and __user pointer sanitization
Jul 27 17:21:22 arch kernel: Spectre V2 : Mitigation: IBRS
Jul 27 17:21:22 arch kernel: Spectre V2 : Spectre v2 / SpectreRSB: Filling RSB on context switch and VMEXIT
Jul 27 17:21:22 arch kernel: RETBleed: Mitigation: IBRS
Jul 27 17:21:22 arch kernel: Spectre V2 : mitigation: Enabling conditional Indirect Branch Prediction Barrier
Jul 27 17:21:22 arch kernel: Spectre V2 : User space: Mitigation: STIBP via prctl
Jul 27 17:21:22 arch kernel: Speculative Store Bypass: Mitigation: Speculative Store Bypass disabled via prctl
Jul 27 17:21:22 arch kernel: MDS: Mitigation: Clear CPU buffers
Jul 27 17:21:22 arch kernel: MMIO Stale Data: Mitigation: Clear CPU buffers
Jul 27 17:21:22 arch kernel: SRBDS: Mitigation: Microcode
Jul 27 17:21:22 arch kernel: GDS: Mitigation: Microcode
Jul 27 17:21:22 arch kernel: x86/fpu: Supporting XSAVE feature 0x001: 'x87 floating point registers'
Jul 27 17:21:22 arch kernel: x86/fpu: Supporting XSAVE feature 0x002: 'SSE registers'
Jul 27 17:21:22 arch kernel: x86/fpu: Supporting XSAVE feature 0x004: 'AVX registers'
Jul 27 17:21:22 arch kernel: x86/fpu: Supporting XSAVE feature 0x008: 'MPX bounds registers'
Jul 27 17:21:22 arch kernel: x86/fpu: Supporting XSAVE feature 0x010: 'MPX CSR'
Jul 27 17:21:22 arch kernel: x86/fpu: xstate_offset[2]:  576, xstate_sizes[2]:  256
Jul 27 17:21:22 arch kernel: x86/fpu: xstate_offset[3]:  832, xstate_sizes[3]:   64
Jul 27 17:21:22 arch kernel: x86/fpu: xstate_offset[4]:  896, xstate_sizes[4]:   64
Jul 27 17:21:22 arch kernel: x86/fpu: Enabled xstate features 0x1f, context size is 960 bytes, using 'compacted' format.
Jul 27 17:21:22 arch kernel: Freeing SMP alternatives memory: 52K
Jul 27 17:21:22 arch kernel: pid_max: default: 32768 minimum: 301
Jul 27 17:21:22 arch kernel: LSM: initializing lsm=capability,landlock,lockdown,yama,bpf
Jul 27 17:21:22 arch kernel: landlock: Up and running.
Jul 27 17:21:22 arch kernel: Yama: becoming mindful.
Jul 27 17:21:22 arch kernel: LSM support for eBPF active
Jul 27 17:21:22 arch kernel: Mount-cache hash table entries: 32768 (order: 6, 262144 bytes, linear)
Jul 27 17:21:22 arch kernel: Mountpoint-cache hash table entries: 32768 (order: 6, 262144 bytes, linear)
Jul 27 17:21:22 arch kernel: smpboot: CPU0: Intel(R) Core(TM) i5-7200U CPU @ 2.50GHz (family: 0x6, model: 0x8e, stepping: 0x9)
Jul 27 17:21:22 arch kernel: Performance Events: PEBS fmt3+, Skylake events, 32-deep LBR, full-width counters, Intel PMU driver.
Jul 27 17:21:22 arch kernel: ... version:                4
Jul 27 17:21:22 arch kernel: ... bit width:              48
Jul 27 17:21:22 arch kernel: ... generic registers:      4
Jul 27 17:21:22 arch kernel: ... value mask:             0000ffffffffffff
Jul 27 17:21:22 arch kernel: ... max period:             00007fffffffffff
Jul 27 17:21:22 arch kernel: ... fixed-purpose events:   3
Jul 27 17:21:22 arch kernel: ... event mask:             000000070000000f
Jul 27 17:21:22 arch kernel: signal: max sigframe size: 2032
Jul 27 17:21:22 arch kernel: Estimated ratio of average max frequency by base frequency (times 1024): 1175
Jul 27 17:21:22 arch kernel: rcu: Hierarchical SRCU implementation.
Jul 27 17:21:22 arch kernel: rcu:         Max phase no-delay instances is 400.
Jul 27 17:21:22 arch kernel: Timer migration: 1 hierarchy levels; 8 children per group; 1 crossnode level
Jul 27 17:21:22 arch kernel: smp: Bringing up secondary CPUs ...
Jul 27 17:21:22 arch kernel: smpboot: x86: Booting SMP configuration:
Jul 27 17:21:22 arch kernel: .... node  #0, CPUs:      #1
Jul 27 17:21:22 arch kernel: [Firmware Bug]: TSC ADJUST differs within socket(s), fixing all errors
Jul 27 17:21:22 arch kernel:  #2 #3
Jul 27 17:21:22 arch kernel: Transient Scheduler Attacks: MDS CPU bug present and SMT on, data leak possible. See https://www.kernel.org/doc/html/latest/admin-guide/hw-vuln/mds.html for more details.
Jul 27 17:21:22 arch kernel: Transient Scheduler Attacks: MMIO Stale Data CPU bug present and SMT on, data leak possible. See https://www.kernel.org/doc/html/latest/admin-guide/hw-vuln/processor_mmio_stale_data.html for more details.
Jul 27 17:21:22 arch kernel: smp: Brought up 1 node, 4 CPUs
Jul 27 17:21:22 arch kernel: smpboot: Total of 4 processors activated (21599.27 BogoMIPS)
Jul 27 17:21:22 arch kernel: Memory: 16050952K/16657516K available (19696K kernel code, 2940K rwdata, 16528K rodata, 4644K init, 5024K bss, 595048K reserved, 0K cma-reserved)
Jul 27 17:21:22 arch kernel: devtmpfs: initialized
Jul 27 17:21:22 arch kernel: x86/mm: Memory block size: 128MB
Jul 27 17:21:22 arch kernel: ACPI: PM: Registering ACPI NVS region [mem 0x83da0000-0x83da0fff] (4096 bytes)
Jul 27 17:21:22 arch kernel: ACPI: PM: Registering ACPI NVS region [mem 0x8a9c4000-0x8ae1afff] (4550656 bytes)
Jul 27 17:21:22 arch kernel: clocksource: jiffies: mask: 0xffffffff max_cycles: 0xffffffff, max_idle_ns: 1911260446275000 ns
Jul 27 17:21:22 arch kernel: posixtimers hash table entries: 2048 (order: 3, 32768 bytes, linear)
Jul 27 17:21:22 arch kernel: futex hash table entries: 1024 (order: 4, 65536 bytes, linear)
Jul 27 17:21:22 arch kernel: pinctrl core: initialized pinctrl subsystem
Jul 27 17:21:22 arch kernel: PM: RTC time: 11:21:21, date: 2025-07-27
Jul 27 17:21:22 arch kernel: NET: Registered PF_NETLINK/PF_ROUTE protocol family
Jul 27 17:21:22 arch kernel: DMA: preallocated 2048 KiB GFP_KERNEL pool for atomic allocations
Jul 27 17:21:22 arch kernel: DMA: preallocated 2048 KiB GFP_KERNEL|GFP_DMA pool for atomic allocations
Jul 27 17:21:22 arch kernel: DMA: preallocated 2048 KiB GFP_KERNEL|GFP_DMA32 pool for atomic allocations
Jul 27 17:21:22 arch kernel: audit: initializing netlink subsys (disabled)
Jul 27 17:21:22 arch kernel: audit: type=2000 audit(1753615281.070:1): state=initialized audit_enabled=0 res=1
Jul 27 17:21:22 arch kernel: thermal_sys: Registered thermal governor 'fair_share'
Jul 27 17:21:22 arch kernel: thermal_sys: Registered thermal governor 'bang_bang'
Jul 27 17:21:22 arch kernel: thermal_sys: Registered thermal governor 'step_wise'
Jul 27 17:21:22 arch kernel: thermal_sys: Registered thermal governor 'user_space'
Jul 27 17:21:22 arch kernel: thermal_sys: Registered thermal governor 'power_allocator'
Jul 27 17:21:22 arch kernel: cpuidle: using governor ladder
Jul 27 17:21:22 arch kernel: cpuidle: using governor menu
Jul 27 17:21:22 arch kernel: ACPI FADT declares the system doesn't support PCIe ASPM, so disable it
Jul 27 17:21:22 arch kernel: acpiphp: ACPI Hot Plug PCI Controller Driver version: 0.5
Jul 27 17:21:22 arch kernel: PCI: ECAM [mem 0xf0000000-0xf7ffffff] (base 0xf0000000) for domain 0000 [bus 00-7f]
Jul 27 17:21:22 arch kernel: PCI: Using configuration type 1 for base access
Jul 27 17:21:22 arch kernel: kprobes: kprobe jump-optimization is enabled. All kprobes are optimized if possible.
Jul 27 17:21:22 arch kernel: HugeTLB: allocation took 0ms with hugepage_allocation_threads=1
Jul 27 17:21:22 arch kernel: HugeTLB: registered 1.00 GiB page size, pre-allocated 0 pages
Jul 27 17:21:22 arch kernel: HugeTLB: 16380 KiB vmemmap can be freed for a 1.00 GiB page
Jul 27 17:21:22 arch kernel: HugeTLB: registered 2.00 MiB page size, pre-allocated 0 pages
Jul 27 17:21:22 arch kernel: HugeTLB: 28 KiB vmemmap can be freed for a 2.00 MiB page
Jul 27 17:21:22 arch kernel: raid6: skipped pq benchmark and selected avx2x4
Jul 27 17:21:22 arch kernel: raid6: using avx2x2 recovery algorithm
Jul 27 17:21:22 arch kernel: ACPI: Added _OSI(Module Device)
Jul 27 17:21:22 arch kernel: ACPI: Added _OSI(Processor Device)
Jul 27 17:21:22 arch kernel: ACPI: Added _OSI(Processor Aggregator Device)
Jul 27 17:21:22 arch kernel: ACPI: 11 ACPI AML tables successfully acquired and loaded
Jul 27 17:21:22 arch kernel: ACPI: EC: EC started
Jul 27 17:21:22 arch kernel: ACPI: EC: interrupt blocked
Jul 27 17:21:22 arch kernel: ACPI: EC: EC_CMD/EC_SC=0x66, EC_DATA=0x62
Jul 27 17:21:22 arch kernel: ACPI: EC: Boot ECDT EC used to handle transactions
Jul 27 17:21:22 arch kernel: ACPI: Dynamic OEM Table Load:
Jul 27 17:21:22 arch kernel: ACPI: SSDT 0xFFFF8ADF01A80C00 0003FF (v02 PmRef  Cpu0Cst  00003001 INTL 20160422)
Jul 27 17:21:22 arch kernel: ACPI: Dynamic OEM Table Load:
Jul 27 17:21:22 arch kernel: ACPI: SSDT 0xFFFF8ADF00EAA800 0006B4 (v02 PmRef  Cpu0Ist  00003000 INTL 20160422)
Jul 27 17:21:22 arch kernel: ACPI: Dynamic OEM Table Load:
Jul 27 17:21:22 arch kernel: ACPI: SSDT 0xFFFF8ADF01ABD400 000115 (v02 PmRef  Cpu0Hwp  00003000 INTL 20160422)
Jul 27 17:21:22 arch kernel: ACPI: Dynamic OEM Table Load:
Jul 27 17:21:22 arch kernel: ACPI: SSDT 0xFFFF8ADF01ABD000 0001A4 (v02 PmRef  HwpLvt   00003000 INTL 20160422)
Jul 27 17:21:22 arch kernel: ACPI: Dynamic OEM Table Load:
Jul 27 17:21:22 arch kernel: ACPI: SSDT 0xFFFF8ADF00EAC800 00065C (v02 PmRef  ApIst    00003000 INTL 20160422)
Jul 27 17:21:22 arch kernel: ACPI: Dynamic OEM Table Load:
Jul 27 17:21:22 arch kernel: ACPI: SSDT 0xFFFF8ADF01ABC600 000197 (v02 PmRef  ApHwp    00003000 INTL 20160422)
Jul 27 17:21:22 arch kernel: ACPI: Dynamic OEM Table Load:
Jul 27 17:21:22 arch kernel: ACPI: SSDT 0xFFFF8ADF01ABC800 00018A (v02 PmRef  ApCst    00003000 INTL 20160422)
Jul 27 17:21:22 arch kernel: ACPI: Interpreter enabled
Jul 27 17:21:22 arch kernel: ACPI: PM: (supports S0 S3 S4 S5)
Jul 27 17:21:22 arch kernel: ACPI: Using IOAPIC for interrupt routing
Jul 27 17:21:22 arch kernel: PCI: Using host bridge windows from ACPI; if necessary, use "pci=nocrs" and report a bug
Jul 27 17:21:22 arch kernel: PCI: Using E820 reservations for host bridge windows
Jul 27 17:21:22 arch kernel: ACPI: Enabled 6 GPEs in block 00 to 7F
Jul 27 17:21:22 arch kernel: ACPI: \_SB_.PCI0.RP09.PXSX.WRST: New power resource
Jul 27 17:21:22 arch kernel: ACPI: \_SB_.PCI0.RP10.PXSX.WRST: New power resource
Jul 27 17:21:22 arch kernel: ACPI: \_SB_.PCI0.RP11.PXSX.WRST: New power resource
Jul 27 17:21:22 arch kernel: ACPI: \_SB_.PCI0.RP12.PXSX.WRST: New power resource
Jul 27 17:21:22 arch kernel: ACPI: \_SB_.PCI0.RP13.PXSX.WRST: New power resource
Jul 27 17:21:22 arch kernel: ACPI: \_SB_.PCI0.RP01.PC09: New power resource
Jul 27 17:21:22 arch kernel: ACPI: \_SB_.PCI0.RP02.PXSX.WRST: New power resource
Jul 27 17:21:22 arch kernel: ACPI: \_SB_.PCI0.RP03.PXSX.WRST: New power resource
Jul 27 17:21:22 arch kernel: ACPI: \_SB_.PCI0.RP04.PXSX.WRST: New power resource
Jul 27 17:21:22 arch kernel: ACPI: \_SB_.PCI0.RP05.PXSX.WRST: New power resource
Jul 27 17:21:22 arch kernel: ACPI: \_SB_.PCI0.RP06.PXSX.WRST: New power resource
Jul 27 17:21:22 arch kernel: ACPI: \_SB_.PCI0.RP07.PXSX.WRST: New power resource
Jul 27 17:21:22 arch kernel: ACPI: \_SB_.PCI0.RP08.PXSX.WRST: New power resource
Jul 27 17:21:22 arch kernel: ACPI: \_SB_.PCI0.RP17.PXSX.WRST: New power resource
Jul 27 17:21:22 arch kernel: ACPI: \_SB_.PCI0.RP18.PXSX.WRST: New power resource
Jul 27 17:21:22 arch kernel: ACPI: \_SB_.PCI0.RP19.PXSX.WRST: New power resource
Jul 27 17:21:22 arch kernel: ACPI: \_SB_.PCI0.RP20.PXSX.WRST: New power resource
Jul 27 17:21:22 arch kernel: ACPI: \_SB_.PCI0.RP14.PXSX.WRST: New power resource
Jul 27 17:21:22 arch kernel: ACPI: \_SB_.PCI0.RP15.PXSX.WRST: New power resource
Jul 27 17:21:22 arch kernel: ACPI: \_SB_.PCI0.RP16.PXSX.WRST: New power resource
Jul 27 17:21:22 arch kernel: ACPI: PCI Root Bridge [PCI0] (domain 0000 [bus 00-7e])
Jul 27 17:21:22 arch kernel: acpi PNP0A08:00: _OSC: OS supports [ExtendedConfig ASPM ClockPM Segments MSI EDR HPX-Type3]
Jul 27 17:21:22 arch kernel: acpi PNP0A08:00: _OSC: OS now controls [PCIeHotplug SHPCHotplug PME AER PCIeCapability LTR DPC]
Jul 27 17:21:22 arch kernel: acpi PNP0A08:00: FADT indicates ASPM is unsupported, using BIOS configuration
Jul 27 17:21:22 arch kernel: PCI host bridge to bus 0000:00
Jul 27 17:21:22 arch kernel: pci_bus 0000:00: root bus resource [io  0x0000-0x0cf7 window]
Jul 27 17:21:22 arch kernel: pci_bus 0000:00: root bus resource [io  0x0d00-0xffff window]
Jul 27 17:21:22 arch kernel: pci_bus 0000:00: root bus resource [mem 0x000a0000-0x000bffff window]
Jul 27 17:21:22 arch kernel: pci_bus 0000:00: root bus resource [mem 0x90000000-0xefffffff window]
Jul 27 17:21:22 arch kernel: pci_bus 0000:00: root bus resource [mem 0xfd000000-0xfe7fffff window]
Jul 27 17:21:22 arch kernel: pci_bus 0000:00: root bus resource [bus 00-7e]
Jul 27 17:21:22 arch kernel: pci 0000:00:00.0: [8086:5904] type 00 class 0x060000 conventional PCI endpoint
Jul 27 17:21:22 arch kernel: pci 0000:00:02.0: [8086:5916] type 00 class 0x030000 PCIe Root Complex Integrated Endpoint
Jul 27 17:21:22 arch kernel: pci 0000:00:02.0: BAR 0 [mem 0xed000000-0xedffffff 64bit]
Jul 27 17:21:22 arch kernel: pci 0000:00:02.0: BAR 2 [mem 0xc0000000-0xcfffffff 64bit pref]
Jul 27 17:21:22 arch kernel: pci 0000:00:02.0: BAR 4 [io  0xf000-0xf03f]
Jul 27 17:21:22 arch kernel: pci 0000:00:02.0: Video device with shadowed ROM at [mem 0x000c0000-0x000dffff]
Jul 27 17:21:22 arch kernel: pci 0000:00:04.0: [8086:1903] type 00 class 0x118000 conventional PCI endpoint
Jul 27 17:21:22 arch kernel: pci 0000:00:04.0: BAR 0 [mem 0xef220000-0xef227fff 64bit]
Jul 27 17:21:22 arch kernel: pci 0000:00:14.0: [8086:9d2f] type 00 class 0x0c0330 conventional PCI endpoint
Jul 27 17:21:22 arch kernel: pci 0000:00:14.0: BAR 0 [mem 0xef210000-0xef21ffff 64bit]
Jul 27 17:21:22 arch kernel: pci 0000:00:14.0: PME# supported from D3hot D3cold
Jul 27 17:21:22 arch kernel: pci 0000:00:14.2: [8086:9d31] type 00 class 0x118000 conventional PCI endpoint
Jul 27 17:21:22 arch kernel: pci 0000:00:14.2: BAR 0 [mem 0xef23a000-0xef23afff 64bit]
Jul 27 17:21:22 arch kernel: pci 0000:00:15.0: [8086:9d60] type 00 class 0x118000 conventional PCI endpoint
Jul 27 17:21:22 arch kernel: pci 0000:00:15.0: BAR 0 [mem 0xef239000-0xef239fff 64bit]
Jul 27 17:21:22 arch kernel: pci 0000:00:15.1: [8086:9d61] type 00 class 0x118000 conventional PCI endpoint
Jul 27 17:21:22 arch kernel: pci 0000:00:15.1: BAR 0 [mem 0xef238000-0xef238fff 64bit]
Jul 27 17:21:22 arch kernel: pci 0000:00:16.0: [8086:9d3a] type 00 class 0x078000 conventional PCI endpoint
Jul 27 17:21:22 arch kernel: pci 0000:00:16.0: BAR 0 [mem 0xef237000-0xef237fff 64bit]
Jul 27 17:21:22 arch kernel: pci 0000:00:16.0: PME# supported from D3hot
Jul 27 17:21:22 arch kernel: pci 0000:00:17.0: [8086:9d03] type 00 class 0x010601 conventional PCI endpoint
Jul 27 17:21:22 arch kernel: pci 0000:00:17.0: BAR 0 [mem 0xef230000-0xef231fff]
Jul 27 17:21:22 arch kernel: pci 0000:00:17.0: BAR 1 [mem 0xef236000-0xef2360ff]
Jul 27 17:21:22 arch kernel: pci 0000:00:17.0: BAR 2 [io  0xf090-0xf097]
Jul 27 17:21:22 arch kernel: pci 0000:00:17.0: BAR 3 [io  0xf080-0xf083]
Jul 27 17:21:22 arch kernel: pci 0000:00:17.0: BAR 4 [io  0xf060-0xf07f]
Jul 27 17:21:22 arch kernel: pci 0000:00:17.0: BAR 5 [mem 0xef235000-0xef2357ff]
Jul 27 17:21:22 arch kernel: pci 0000:00:17.0: PME# supported from D3hot
Jul 27 17:21:22 arch kernel: pci 0000:00:1c.0: [8086:9d10] type 01 class 0x060400 PCIe Root Port
Jul 27 17:21:22 arch kernel: pci 0000:00:1c.0: PCI bridge to [bus 01]
Jul 27 17:21:22 arch kernel: pci 0000:00:1c.0:   bridge window [io  0xe000-0xefff]
Jul 27 17:21:22 arch kernel: pci 0000:00:1c.0:   bridge window [mem 0xee000000-0xef0fffff]
Jul 27 17:21:22 arch kernel: pci 0000:00:1c.0:   bridge window [mem 0xd0000000-0xe1ffffff 64bit pref]
Jul 27 17:21:22 arch kernel: pci 0000:00:1c.0: PME# supported from D0 D3hot D3cold
Jul 27 17:21:22 arch kernel: pci 0000:00:1c.5: [8086:9d15] type 01 class 0x060400 PCIe Root Port
Jul 27 17:21:22 arch kernel: pci 0000:00:1c.5: PCI bridge to [bus 02]
Jul 27 17:21:22 arch kernel: pci 0000:00:1c.5:   bridge window [mem 0xef100000-0xef1fffff]
Jul 27 17:21:22 arch kernel: pci 0000:00:1c.5: PME# supported from D0 D3hot D3cold
Jul 27 17:21:22 arch kernel: pci 0000:00:1e.0: [8086:9d27] type 00 class 0x118000 conventional PCI endpoint
Jul 27 17:21:22 arch kernel: pci 0000:00:1e.0: BAR 0 [mem 0xef234000-0xef234fff 64bit]
Jul 27 17:21:22 arch kernel: pci 0000:00:1e.2: [8086:9d29] type 00 class 0x118000 conventional PCI endpoint
Jul 27 17:21:22 arch kernel: pci 0000:00:1e.2: BAR 0 [mem 0xef233000-0xef233fff 64bit]
Jul 27 17:21:22 arch kernel: pci 0000:00:1f.0: [8086:9d4e] type 00 class 0x060100 conventional PCI endpoint
Jul 27 17:21:22 arch kernel: pci 0000:00:1f.2: [8086:9d21] type 00 class 0x058000 conventional PCI endpoint
Jul 27 17:21:22 arch kernel: pci 0000:00:1f.2: BAR 0 [mem 0xef22c000-0xef22ffff]
Jul 27 17:21:22 arch kernel: pci 0000:00:1f.3: [8086:9d71] type 00 class 0x040300 conventional PCI endpoint
Jul 27 17:21:22 arch kernel: pci 0000:00:1f.3: BAR 0 [mem 0xef228000-0xef22bfff 64bit]
Jul 27 17:21:22 arch kernel: pci 0000:00:1f.3: BAR 4 [mem 0xef200000-0xef20ffff 64bit]
Jul 27 17:21:22 arch kernel: pci 0000:00:1f.3: PME# supported from D3hot D3cold
Jul 27 17:21:22 arch kernel: pci 0000:00:1f.4: [8086:9d23] type 00 class 0x0c0500 conventional PCI endpoint
Jul 27 17:21:22 arch kernel: pci 0000:00:1f.4: BAR 0 [mem 0xef232000-0xef2320ff 64bit]
Jul 27 17:21:22 arch kernel: pci 0000:00:1f.4: BAR 4 [io  0xf040-0xf05f]
Jul 27 17:21:22 arch kernel: pci 0000:01:00.0: [10de:134d] type 00 class 0x030200 PCIe Endpoint
Jul 27 17:21:22 arch kernel: pci 0000:01:00.0: BAR 0 [mem 0xee000000-0xeeffffff]
Jul 27 17:21:22 arch kernel: pci 0000:01:00.0: BAR 1 [mem 0xd0000000-0xdfffffff 64bit pref]
Jul 27 17:21:22 arch kernel: pci 0000:01:00.0: BAR 3 [mem 0xe0000000-0xe1ffffff 64bit pref]
Jul 27 17:21:22 arch kernel: pci 0000:01:00.0: BAR 5 [io  0xe000-0xe07f]
Jul 27 17:21:22 arch kernel: pci 0000:01:00.0: ROM [mem 0xef000000-0xef07ffff pref]
Jul 27 17:21:22 arch kernel: pci 0000:01:00.0: Enabling HDA controller
Jul 27 17:21:22 arch kernel: pci 0000:00:1c.0: PCI bridge to [bus 01]
Jul 27 17:21:22 arch kernel: pci 0000:02:00.0: [8086:24fd] type 00 class 0x028000 PCIe Endpoint
Jul 27 17:21:22 arch kernel: pci 0000:02:00.0: BAR 0 [mem 0xef100000-0xef101fff 64bit]
Jul 27 17:21:22 arch kernel: pci 0000:02:00.0: PME# supported from D0 D3hot D3cold
Jul 27 17:21:22 arch kernel: pci 0000:00:1c.5: PCI bridge to [bus 02]
Jul 27 17:21:22 arch kernel: ACPI: PCI: Interrupt link LNKA configured for IRQ 11
Jul 27 17:21:22 arch kernel: ACPI: PCI: Interrupt link LNKB configured for IRQ 10
Jul 27 17:21:22 arch kernel: ACPI: PCI: Interrupt link LNKC configured for IRQ 11
Jul 27 17:21:22 arch kernel: ACPI: PCI: Interrupt link LNKD configured for IRQ 11
Jul 27 17:21:22 arch kernel: ACPI: PCI: Interrupt link LNKE configured for IRQ 11
Jul 27 17:21:22 arch kernel: ACPI: PCI: Interrupt link LNKF configured for IRQ 11
Jul 27 17:21:22 arch kernel: ACPI: PCI: Interrupt link LNKG configured for IRQ 11
Jul 27 17:21:22 arch kernel: ACPI: PCI: Interrupt link LNKH configured for IRQ 11
Jul 27 17:21:22 arch kernel: ACPI: EC: interrupt unblocked
Jul 27 17:21:22 arch kernel: ACPI: EC: event unblocked
Jul 27 17:21:22 arch kernel: ACPI: EC: EC_CMD/EC_SC=0x66, EC_DATA=0x62
Jul 27 17:21:22 arch kernel: ACPI: EC: GPE=0x50
Jul 27 17:21:22 arch kernel: ACPI: \_SB_.PCI0.LPCB.EC0_: Boot ECDT EC initialization complete
Jul 27 17:21:22 arch kernel: ACPI: \_SB_.PCI0.LPCB.EC0_: EC: Used to handle transactions and events
Jul 27 17:21:22 arch kernel: iommu: Default domain type: Translated
Jul 27 17:21:22 arch kernel: iommu: DMA domain TLB invalidation policy: lazy mode
Jul 27 17:21:22 arch kernel: SCSI subsystem initialized
Jul 27 17:21:22 arch kernel: libata version 3.00 loaded.
Jul 27 17:21:22 arch kernel: ACPI: bus type USB registered
Jul 27 17:21:22 arch kernel: usbcore: registered new interface driver usbfs
Jul 27 17:21:22 arch kernel: usbcore: registered new interface driver hub
Jul 27 17:21:22 arch kernel: usbcore: registered new device driver usb
Jul 27 17:21:22 arch kernel: EDAC MC: Ver: 3.0.0
Jul 27 17:21:22 arch kernel: efivars: Registered efivars operations
Jul 27 17:21:22 arch kernel: NetLabel: Initializing
Jul 27 17:21:22 arch kernel: NetLabel:  domain hash size = 128
Jul 27 17:21:22 arch kernel: NetLabel:  protocols = UNLABELED CIPSOv4 CALIPSO
Jul 27 17:21:22 arch kernel: NetLabel:  unlabeled traffic allowed by default
Jul 27 17:21:22 arch kernel: mctp: management component transport protocol core
Jul 27 17:21:22 arch kernel: NET: Registered PF_MCTP protocol family
Jul 27 17:21:22 arch kernel: PCI: Using ACPI for IRQ routing
Jul 27 17:21:22 arch kernel: PCI: pci_cache_line_size set to 64 bytes
Jul 27 17:21:22 arch kernel: e820: reserve RAM buffer [mem 0x00058000-0x0005ffff]
Jul 27 17:21:22 arch kernel: e820: reserve RAM buffer [mem 0x0009f000-0x0009ffff]
Jul 27 17:21:22 arch kernel: e820: reserve RAM buffer [mem 0x83da0000-0x83ffffff]
Jul 27 17:21:22 arch kernel: e820: reserve RAM buffer [mem 0x87e0f000-0x87ffffff]
Jul 27 17:21:22 arch kernel: e820: reserve RAM buffer [mem 0x88514000-0x8bffffff]
Jul 27 17:21:22 arch kernel: e820: reserve RAM buffer [mem 0x89b00000-0x8bffffff]
Jul 27 17:21:22 arch kernel: e820: reserve RAM buffer [mem 0x8b3ff000-0x8bffffff]
Jul 27 17:21:22 arch kernel: e820: reserve RAM buffer [mem 0x46f000000-0x46fffffff]
Jul 27 17:21:22 arch kernel: pci 0000:00:02.0: vgaarb: setting as boot VGA device
Jul 27 17:21:22 arch kernel: pci 0000:00:02.0: vgaarb: bridge control possible
Jul 27 17:21:22 arch kernel: pci 0000:00:02.0: vgaarb: VGA device added: decodes=io+mem,owns=io+mem,locks=none
Jul 27 17:21:22 arch kernel: vgaarb: loaded
Jul 27 17:21:22 arch kernel: hpet0: at MMIO 0xfed00000, IRQs 2, 8, 0, 0, 0, 0, 0, 0
Jul 27 17:21:22 arch kernel: hpet0: 8 comparators, 64-bit 24.000000 MHz counter
Jul 27 17:21:22 arch kernel: clocksource: Switched to clocksource tsc-early
Jul 27 17:21:22 arch kernel: VFS: Disk quotas dquot_6.6.0
Jul 27 17:21:22 arch kernel: VFS: Dquot-cache hash table entries: 512 (order 0, 4096 bytes)
Jul 27 17:21:22 arch kernel: pnp: PnP ACPI init
Jul 27 17:21:22 arch kernel: system 00:00: [io  0x0680-0x069f] has been reserved
Jul 27 17:21:22 arch kernel: system 00:00: [io  0xffff] has been reserved
Jul 27 17:21:22 arch kernel: system 00:00: [io  0xffff] has been reserved
Jul 27 17:21:22 arch kernel: system 00:00: [io  0xffff] has been reserved
Jul 27 17:21:22 arch kernel: system 00:00: [io  0x1800-0x18fe] could not be reserved
Jul 27 17:21:22 arch kernel: system 00:00: [io  0x164e-0x164f] has been reserved
Jul 27 17:21:22 arch kernel: system 00:03: [mem 0xfed10000-0xfed17fff] has been reserved
Jul 27 17:21:22 arch kernel: system 00:03: [mem 0xfed18000-0xfed18fff] has been reserved
Jul 27 17:21:22 arch kernel: system 00:03: [mem 0xfed19000-0xfed19fff] has been reserved
Jul 27 17:21:22 arch kernel: system 00:03: [mem 0xf0000000-0xf7ffffff] has been reserved
Jul 27 17:21:22 arch kernel: system 00:03: [mem 0xfed20000-0xfed3ffff] has been reserved
Jul 27 17:21:22 arch kernel: system 00:03: [mem 0xfed90000-0xfed93fff] could not be reserved
Jul 27 17:21:22 arch kernel: system 00:03: [mem 0xfed45000-0xfed8ffff] has been reserved
Jul 27 17:21:22 arch kernel: system 00:03: [mem 0xff000000-0xffffffff] has been reserved
Jul 27 17:21:22 arch kernel: system 00:03: [mem 0xfee00000-0xfeefffff] could not be reserved
Jul 27 17:21:22 arch kernel: system 00:03: [mem 0xeffe0000-0xefffffff] has been reserved
Jul 27 17:21:22 arch kernel: system 00:04: [mem 0xfd000000-0xfdabffff] has been reserved
Jul 27 17:21:22 arch kernel: system 00:04: [mem 0xfdad0000-0xfdadffff] has been reserved
Jul 27 17:21:22 arch kernel: system 00:04: [mem 0xfdb00000-0xfdffffff] has been reserved
Jul 27 17:21:22 arch kernel: system 00:04: [mem 0xfe000000-0xfe01ffff] could not be reserved
Jul 27 17:21:22 arch kernel: system 00:04: [mem 0xfe036000-0xfe03bfff] has been reserved
Jul 27 17:21:22 arch kernel: system 00:04: [mem 0xfe03d000-0xfe3fffff] has been reserved
Jul 27 17:21:22 arch kernel: system 00:04: [mem 0xfe410000-0xfe7fffff] has been reserved
Jul 27 17:21:22 arch kernel: system 00:05: [io  0xff00-0xfffe] has been reserved
Jul 27 17:21:22 arch kernel: system 00:06: [mem 0xfe029000-0xfe029fff] has been reserved
Jul 27 17:21:22 arch kernel: system 00:06: [mem 0xfe028000-0xfe028fff] has been reserved
Jul 27 17:21:22 arch kernel: system 00:06: [mem 0xfdaf0000-0xfdafffff] has been reserved
Jul 27 17:21:22 arch kernel: system 00:06: [mem 0xfdae0000-0xfdaeffff] has been reserved
Jul 27 17:21:22 arch kernel: system 00:06: [mem 0xfdac0000-0xfdacffff] has been reserved
Jul 27 17:21:22 arch kernel: pnp: PnP ACPI: found 7 devices
Jul 27 17:21:22 arch kernel: clocksource: acpi_pm: mask: 0xffffff max_cycles: 0xffffff, max_idle_ns: 2085701024 ns
Jul 27 17:21:22 arch kernel: NET: Registered PF_INET protocol family
Jul 27 17:21:22 arch kernel: IP idents hash table entries: 262144 (order: 9, 2097152 bytes, linear)
Jul 27 17:21:22 arch kernel: tcp_listen_portaddr_hash hash table entries: 8192 (order: 5, 131072 bytes, linear)
Jul 27 17:21:22 arch kernel: Table-perturb hash table entries: 65536 (order: 6, 262144 bytes, linear)
Jul 27 17:21:22 arch kernel: TCP established hash table entries: 131072 (order: 8, 1048576 bytes, linear)
Jul 27 17:21:22 arch kernel: TCP bind hash table entries: 65536 (order: 9, 2097152 bytes, linear)
Jul 27 17:21:22 arch kernel: TCP: Hash tables configured (established 131072 bind 65536)
Jul 27 17:21:22 arch kernel: MPTCP token hash table entries: 16384 (order: 6, 393216 bytes, linear)
Jul 27 17:21:22 arch kernel: UDP hash table entries: 8192 (order: 7, 524288 bytes, linear)
Jul 27 17:21:22 arch kernel: UDP-Lite hash table entries: 8192 (order: 7, 524288 bytes, linear)
Jul 27 17:21:22 arch kernel: NET: Registered PF_UNIX/PF_LOCAL protocol family
Jul 27 17:21:22 arch kernel: NET: Registered PF_XDP protocol family
Jul 27 17:21:22 arch kernel: pci 0000:00:1c.0: PCI bridge to [bus 01]
Jul 27 17:21:22 arch kernel: pci 0000:00:1c.0:   bridge window [io  0xe000-0xefff]
Jul 27 17:21:22 arch kernel: pci 0000:00:1c.0:   bridge window [mem 0xee000000-0xef0fffff]
Jul 27 17:21:22 arch kernel: pci 0000:00:1c.0:   bridge window [mem 0xd0000000-0xe1ffffff 64bit pref]
Jul 27 17:21:22 arch kernel: pci 0000:00:1c.5: PCI bridge to [bus 02]
Jul 27 17:21:22 arch kernel: pci 0000:00:1c.5:   bridge window [mem 0xef100000-0xef1fffff]
Jul 27 17:21:22 arch kernel: pci_bus 0000:00: resource 4 [io  0x0000-0x0cf7 window]
Jul 27 17:21:22 arch kernel: pci_bus 0000:00: resource 5 [io  0x0d00-0xffff window]
Jul 27 17:21:22 arch kernel: pci_bus 0000:00: resource 6 [mem 0x000a0000-0x000bffff window]
Jul 27 17:21:22 arch kernel: pci_bus 0000:00: resource 7 [mem 0x90000000-0xefffffff window]
Jul 27 17:21:22 arch kernel: pci_bus 0000:00: resource 8 [mem 0xfd000000-0xfe7fffff window]
Jul 27 17:21:22 arch kernel: pci_bus 0000:01: resource 0 [io  0xe000-0xefff]
Jul 27 17:21:22 arch kernel: pci_bus 0000:01: resource 1 [mem 0xee000000-0xef0fffff]
Jul 27 17:21:22 arch kernel: pci_bus 0000:01: resource 2 [mem 0xd0000000-0xe1ffffff 64bit pref]
Jul 27 17:21:22 arch kernel: pci_bus 0000:02: resource 1 [mem 0xef100000-0xef1fffff]
Jul 27 17:21:22 arch kernel: PCI: CLS 64 bytes, default 64
Jul 27 17:21:22 arch kernel: pci 0000:00:1f.1: [8086:9d20] type 00 class 0x058000 conventional PCI endpoint
Jul 27 17:21:22 arch kernel: pci 0000:00:1f.1: BAR 0 [mem 0xfd000000-0xfdffffff 64bit]
Jul 27 17:21:22 arch kernel: DMAR: ACPI device "device:70" under DMAR at fed91000 as 00:15.0
Jul 27 17:21:22 arch kernel: DMAR: ACPI device "device:71" under DMAR at fed91000 as 00:15.1
Jul 27 17:21:22 arch kernel: DMAR: ACPI device "device:72" under DMAR at fed91000 as 00:1e.2
Jul 27 17:21:22 arch kernel: DMAR: ACPI device "device:73" under DMAR at fed91000 as 00:1e.0
Jul 27 17:21:22 arch kernel: PCI-DMA: Using software bounce buffering for IO (SWIOTLB)
Jul 27 17:21:22 arch kernel: software IO TLB: mapped [mem 0x000000006fe64000-0x0000000073e64000] (64MB)
Jul 27 17:21:22 arch kernel: Trying to unpack rootfs image as initramfs...
Jul 27 17:21:22 arch kernel: Initialise system trusted keyrings
Jul 27 17:21:22 arch kernel: Key type blacklist registered
Jul 27 17:21:22 arch kernel: workingset: timestamp_bits=36 max_order=22 bucket_order=0
Jul 27 17:21:22 arch kernel: fuse: init (API version 7.43)
Jul 27 17:21:22 arch kernel: integrity: Platform Keyring initialized
Jul 27 17:21:22 arch kernel: integrity: Machine keyring initialized
Jul 27 17:21:22 arch kernel: xor: automatically using best checksumming function   avx       
Jul 27 17:21:22 arch kernel: Key type asymmetric registered
Jul 27 17:21:22 arch kernel: Asymmetric key parser 'x509' registered
Jul 27 17:21:22 arch kernel: Block layer SCSI generic (bsg) driver version 0.4 loaded (major 246)
Jul 27 17:21:22 arch kernel: io scheduler mq-deadline registered
Jul 27 17:21:22 arch kernel: io scheduler kyber registered
Jul 27 17:21:22 arch kernel: io scheduler bfq registered
Jul 27 17:21:22 arch kernel: ledtrig-cpu: registered to indicate activity on CPUs
Jul 27 17:21:22 arch kernel: pcieport 0000:00:1c.0: PME: Signaling with IRQ 120
Jul 27 17:21:22 arch kernel: pcieport 0000:00:1c.0: AER: enabled with IRQ 120
Jul 27 17:21:22 arch kernel: pcieport 0000:00:1c.5: PME: Signaling with IRQ 121
Jul 27 17:21:22 arch kernel: pcieport 0000:00:1c.5: AER: enabled with IRQ 121
Jul 27 17:21:22 arch kernel: ACPI: AC: AC Adapter [AC0] (off-line)
Jul 27 17:21:22 arch kernel: input: Lid Switch as /devices/LNXSYSTM:00/LNXSYBUS:00/PNP0A08:00/device:18/PNP0C09:01/PNP0C0D:00/input/input0
Jul 27 17:21:22 arch kernel: ACPI: button: Lid Switch [LID]
Jul 27 17:21:22 arch kernel: input: Sleep Button as /devices/LNXSYSTM:00/LNXSYBUS:00/PNP0C0E:00/input/input1
Jul 27 17:21:22 arch kernel: ACPI: button: Sleep Button [SLPB]
Jul 27 17:21:22 arch kernel: input: Power Button as /devices/LNXSYSTM:00/LNXSYBUS:00/PNP0C0C:00/input/input2
Jul 27 17:21:22 arch kernel: ACPI: button: Power Button [PWRB]
Jul 27 17:21:22 arch kernel: input: Power Button as /devices/LNXSYSTM:00/LNXPWRBN:00/input/input3
Jul 27 17:21:22 arch kernel: ACPI: button: Power Button [PWRF]
Jul 27 17:21:22 arch kernel: thermal LNXTHERM:00: registered as thermal_zone0
Jul 27 17:21:22 arch kernel: ACPI: thermal: Thermal Zone [THRM] (42 C)
Jul 27 17:21:22 arch kernel: Serial: 8250/16550 driver, 32 ports, IRQ sharing enabled
Jul 27 17:21:22 arch kernel: Non-volatile memory driver v1.3
Jul 27 17:21:22 arch kernel: Linux agpgart interface v0.103
Jul 27 17:21:22 arch kernel: ACPI: battery: Slot [BAT0] (battery present)
Jul 27 17:21:22 arch kernel: tpm_crb MSFT0101:00: [Firmware Bug]: ACPI region does not cover the entire command/response buffer. [mem 0xfed40000-0xfed4087f flags 0x201] vs fed40080 f80
Jul 27 17:21:22 arch kernel: tpm_crb MSFT0101:00: [Firmware Bug]: ACPI region does not cover the entire command/response buffer. [mem 0xfed40000-0xfed4087f flags 0x201] vs fed40080 f80
Jul 27 17:21:22 arch kernel: ACPI: bus type drm_connector registered
Jul 27 17:21:22 arch kernel: ahci 0000:00:17.0: version 3.0
Jul 27 17:21:22 arch kernel: ahci 0000:00:17.0: AHCI vers 0001.0301, 32 command slots, 6 Gbps, SATA mode
Jul 27 17:21:22 arch kernel: ahci 0000:00:17.0: 2/2 ports implemented (port mask 0x3)
Jul 27 17:21:22 arch kernel: ahci 0000:00:17.0: flags: 64bit ncq pm led clo only pio slum part deso sadm sds apst 
Jul 27 17:21:22 arch kernel: scsi host0: ahci
Jul 27 17:21:22 arch kernel: scsi host1: ahci
Jul 27 17:21:22 arch kernel: ata1: SATA max UDMA/133 abar m2048@0xef235000 port 0xef235100 irq 122 lpm-pol 3
Jul 27 17:21:22 arch kernel: ata2: SATA max UDMA/133 abar m2048@0xef235000 port 0xef235180 irq 122 lpm-pol 3
Jul 27 17:21:22 arch kernel: xhci_hcd 0000:00:14.0: xHCI Host Controller
Jul 27 17:21:22 arch kernel: xhci_hcd 0000:00:14.0: new USB bus registered, assigned bus number 1
Jul 27 17:21:22 arch kernel: xhci_hcd 0000:00:14.0: hcc params 0x200077c1 hci version 0x100 quirks 0x0000000081109810
Jul 27 17:21:22 arch kernel: xhci_hcd 0000:00:14.0: xHCI Host Controller
Jul 27 17:21:22 arch kernel: xhci_hcd 0000:00:14.0: new USB bus registered, assigned bus number 2
Jul 27 17:21:22 arch kernel: xhci_hcd 0000:00:14.0: Host supports USB 3.0 SuperSpeed
Jul 27 17:21:22 arch kernel: usb usb1: New USB device found, idVendor=1d6b, idProduct=0002, bcdDevice= 6.15
Jul 27 17:21:22 arch kernel: usb usb1: New USB device strings: Mfr=3, Product=2, SerialNumber=1
Jul 27 17:21:22 arch kernel: usb usb1: Product: xHCI Host Controller
Jul 27 17:21:22 arch kernel: usb usb1: Manufacturer: Linux 6.15.7-arch1-1 xhci-hcd
Jul 27 17:21:22 arch kernel: usb usb1: SerialNumber: 0000:00:14.0
Jul 27 17:21:22 arch kernel: hub 1-0:1.0: USB hub found
Jul 27 17:21:22 arch kernel: hub 1-0:1.0: 12 ports detected
Jul 27 17:21:22 arch kernel: usb usb2: New USB device found, idVendor=1d6b, idProduct=0003, bcdDevice= 6.15
Jul 27 17:21:22 arch kernel: usb usb2: New USB device strings: Mfr=3, Product=2, SerialNumber=1
Jul 27 17:21:22 arch kernel: usb usb2: Product: xHCI Host Controller
Jul 27 17:21:22 arch kernel: usb usb2: Manufacturer: Linux 6.15.7-arch1-1 xhci-hcd
Jul 27 17:21:22 arch kernel: usb usb2: SerialNumber: 0000:00:14.0
Jul 27 17:21:22 arch kernel: hub 2-0:1.0: USB hub found
Jul 27 17:21:22 arch kernel: hub 2-0:1.0: 6 ports detected
Jul 27 17:21:22 arch kernel: usb: port power management may be unreliable
Jul 27 17:21:22 arch kernel: usbcore: registered new interface driver usbserial_generic
Jul 27 17:21:22 arch kernel: usbserial: USB Serial support registered for generic
Jul 27 17:21:22 arch kernel: i8042: PNP: PS/2 Controller [PNP030b:PS2K] at 0x60,0x64 irq 1
Jul 27 17:21:22 arch kernel: i8042: PNP: PS/2 appears to have AUX port disabled, if this is incorrect please boot with i8042.nopnp
Jul 27 17:21:22 arch kernel: serio: i8042 KBD port at 0x60,0x64 irq 1
Jul 27 17:21:22 arch kernel: rtc_cmos 00:01: RTC can wake from S4
Jul 27 17:21:22 arch kernel: rtc_cmos 00:01: registered as rtc0
Jul 27 17:21:22 arch kernel: rtc_cmos 00:01: setting system clock to 2025-07-27T11:21:21 UTC (1753615281)
Jul 27 17:21:22 arch kernel: rtc_cmos 00:01: alarms up to one month, y3k, 242 bytes nvram
Jul 27 17:21:22 arch kernel: intel_pstate: Intel P-state driver initializing
Jul 27 17:21:22 arch kernel: intel_pstate: HWP enabled
Jul 27 17:21:22 arch kernel: simple-framebuffer simple-framebuffer.0: [drm] Registered 1 planes with drm panic
Jul 27 17:21:22 arch kernel: [drm] Initialized simpledrm 1.0.0 for simple-framebuffer.0 on minor 0
Jul 27 17:21:22 arch kernel: fbcon: Deferring console take-over
Jul 27 17:21:22 arch kernel: simple-framebuffer simple-framebuffer.0: [drm] fb0: simpledrmdrmfb frame buffer device
Jul 27 17:21:22 arch kernel: hid: raw HID events driver (C) Jiri Kosina
Jul 27 17:21:22 arch kernel: usbcore: registered new interface driver usbhid
Jul 27 17:21:22 arch kernel: usbhid: USB HID core driver
Jul 27 17:21:22 arch kernel: drop_monitor: Initializing network drop monitor service
Jul 27 17:21:22 arch kernel: NET: Registered PF_INET6 protocol family
Jul 27 17:21:22 arch kernel: input: AT Translated Set 2 keyboard as /devices/platform/i8042/serio0/input/input4
Jul 27 17:21:22 arch kernel: Freeing initrd memory: 180216K
Jul 27 17:21:22 arch kernel: Segment Routing with IPv6
Jul 27 17:21:22 arch kernel: RPL Segment Routing with IPv6
Jul 27 17:21:22 arch kernel: In-situ OAM (IOAM) with IPv6
Jul 27 17:21:22 arch kernel: NET: Registered PF_PACKET protocol family
Jul 27 17:21:22 arch kernel: ENERGY_PERF_BIAS: Set to 'normal', was 'performance'
Jul 27 17:21:22 arch kernel: microcode: Current revision: 0x000000f6
Jul 27 17:21:22 arch kernel: microcode: Updated early from: 0x000000b4
Jul 27 17:21:22 arch kernel: IPI shorthand broadcast: enabled
Jul 27 17:21:22 arch kernel: sched_clock: Marking stable (733001359, 3607303)->(740582711, -3974049)
Jul 27 17:21:22 arch kernel: registered taskstats version 1
Jul 27 17:21:22 arch kernel: Loading compiled-in X.509 certificates
Jul 27 17:21:22 arch kernel: Loaded X.509 cert 'Build time autogenerated kernel key: cd13bfb830c2db27c9fac3a4ca6f0aabc5f3652e'
Jul 27 17:21:22 arch kernel: zswap: loaded using pool zstd/zsmalloc
Jul 27 17:21:22 arch kernel: Demotion targets for Node 0: null
Jul 27 17:21:22 arch kernel: Key type .fscrypt registered
Jul 27 17:21:22 arch kernel: Key type fscrypt-provisioning registered
Jul 27 17:21:22 arch kernel: Btrfs loaded, zoned=yes, fsverity=yes
Jul 27 17:21:22 arch kernel: Key type big_key registered
Jul 27 17:21:22 arch kernel: PM:   Magic number: 1:26:379
Jul 27 17:21:22 arch kernel: RAS: Correctable Errors collector initialized.
Jul 27 17:21:22 arch kernel: usb 1-6: new high-speed USB device number 2 using xhci_hcd
Jul 27 17:21:22 arch kernel: ata1: SATA link up 6.0 Gbps (SStatus 133 SControl 300)
Jul 27 17:21:22 arch kernel: ata2: SATA link down (SStatus 4 SControl 300)
Jul 27 17:21:22 arch kernel: ata1.00: ACPI cmd f5/00:00:00:00:00:00(SECURITY FREEZE LOCK) filtered out
Jul 27 17:21:22 arch kernel: ata1.00: ACPI cmd b1/c1:00:00:00:00:00(DEVICE CONFIGURATION OVERLAY) filtered out
Jul 27 17:21:22 arch kernel: ata1.00: ATA-9: XTL-200 256GB, W0411A0, max UDMA/133
Jul 27 17:21:22 arch kernel: ata1.00: 500118192 sectors, multi 1: LBA48 NCQ (depth 32), AA
Jul 27 17:21:22 arch kernel: ata1.00: ACPI cmd f5/00:00:00:00:00:00(SECURITY FREEZE LOCK) filtered out
Jul 27 17:21:22 arch kernel: ata1.00: ACPI cmd b1/c1:00:00:00:00:00(DEVICE CONFIGURATION OVERLAY) filtered out
Jul 27 17:21:22 arch kernel: ata1.00: configured for UDMA/133
Jul 27 17:21:22 arch kernel: scsi 0:0:0:0: Direct-Access     ATA      XTL-200 256GB    1A0  PQ: 0 ANSI: 5
Jul 27 17:21:22 arch kernel: sd 0:0:0:0: [sda] 500118192 512-byte logical blocks: (256 GB/238 GiB)
Jul 27 17:21:22 arch kernel: sd 0:0:0:0: [sda] Write Protect is off
Jul 27 17:21:22 arch kernel: sd 0:0:0:0: [sda] Mode Sense: 00 3a 00 00
Jul 27 17:21:22 arch kernel: sd 0:0:0:0: [sda] Write cache: enabled, read cache: enabled, doesn't support DPO or FUA
Jul 27 17:21:22 arch kernel: sd 0:0:0:0: [sda] Preferred minimum I/O size 512 bytes
Jul 27 17:21:22 arch kernel:  sda: sda1 sda2 sda3
Jul 27 17:21:22 arch kernel: sd 0:0:0:0: [sda] Attached SCSI disk
Jul 27 17:21:22 arch kernel: clk: Disabling unused clocks
Jul 27 17:21:22 arch kernel: PM: genpd: Disabling unused power domains
Jul 27 17:21:22 arch kernel: Freeing unused decrypted memory: 2028K
Jul 27 17:21:22 arch kernel: Freeing unused kernel image (initmem) memory: 4644K
Jul 27 17:21:22 arch kernel: Write protecting the kernel read-only data: 38912k
Jul 27 17:21:22 arch kernel: Freeing unused kernel image (text/rodata gap) memory: 780K
Jul 27 17:21:22 arch kernel: Freeing unused kernel image (rodata/data gap) memory: 1904K
Jul 27 17:21:22 arch kernel: usb 1-6: New USB device found, idVendor=13d3, idProduct=5a07, bcdDevice=16.01
Jul 27 17:21:22 arch kernel: usb 1-6: New USB device strings: Mfr=3, Product=1, SerialNumber=2
Jul 27 17:21:22 arch kernel: usb 1-6: Product: USB2.0 VGA UVC WebCam
Jul 27 17:21:22 arch kernel: usb 1-6: Manufacturer: Azurewave
Jul 27 17:21:22 arch kernel: usb 1-6: SerialNumber: 0x0001
Jul 27 17:21:22 arch kernel: x86/mm: Checked W+X mappings: passed, no W+X pages found.
Jul 27 17:21:22 arch kernel: rodata_test: all tests were successful
Jul 27 17:21:22 arch kernel: x86/mm: Checking user space page tables
Jul 27 17:21:22 arch kernel: x86/mm: Checked W+X mappings: passed, no W+X pages found.
Jul 27 17:21:22 arch kernel: Run /init as init process
Jul 27 17:21:22 arch kernel:   with arguments:
Jul 27 17:21:22 arch kernel:     /init
Jul 27 17:21:22 arch kernel:   with environment:
Jul 27 17:21:22 arch kernel:     HOME=/
Jul 27 17:21:22 arch kernel:     TERM=linux
Jul 27 17:21:22 arch kernel:     BOOT_IMAGE=/boot/vmlinuz-linux
Jul 27 17:21:22 arch kernel:     nvme_load=YES
Jul 27 17:21:22 arch kernel: usb 1-8: new full-speed USB device number 3 using xhci_hcd
Jul 27 17:21:22 arch systemd[1]: Successfully made /usr/ read-only.
Jul 27 17:21:22 arch systemd[1]: systemd 257.7-1-arch running in system mode (+PAM +AUDIT -SELINUX -APPARMOR -IMA +IPE +SMACK +SECCOMP +GCRYPT +GNUTLS +OPENSSL +ACL +BLKID +CURL +ELFUTILS +FIDO2 +IDN2 -IDN +IPTC +KMOD +LIBCRYPTSETUP +LIBCRYPTSETUP_PLUGINS +LIBFDISK +PCRE2 +PWQUALITY +P11KIT +QRENCODE +TPM2 +BZIP2 +LZ4 +XZ +ZLIB +ZSTD +BPF_FRAMEWORK +BTF +XKBCOMMON +UTMP -SYSVINIT +LIBARCHIVE)
Jul 27 17:21:22 arch systemd[1]: Detected architecture x86-64.
Jul 27 17:21:22 arch systemd[1]: Running in initrd.
Jul 27 17:21:22 arch kernel: fbcon: Taking over console
Jul 27 17:21:22 arch systemd[1]: Hostname set to <arch>.
Jul 27 17:21:22 arch kernel: Console: switching to colour frame buffer device 160x64
Jul 27 17:21:22 arch kernel: usb 1-8: New USB device found, idVendor=8087, idProduct=0a2b, bcdDevice= 0.10
Jul 27 17:21:22 arch kernel: usb 1-8: New USB device strings: Mfr=0, Product=0, SerialNumber=0
Jul 27 17:21:22 arch systemd[1]: bpf-restrict-fs: LSM BPF program attached
Jul 27 17:21:22 arch systemd[1]: Queued start job for default target Initrd Default Target.
Jul 27 17:21:22 arch systemd[1]: Started Dispatch Password Requests to Console Directory Watch.
Jul 27 17:21:22 arch systemd[1]: Expecting device /dev/disk/by-uuid/537d0fb6-33ea-41e7-9c47-e351c22a297b...
Jul 27 17:21:22 arch systemd[1]: Expecting device /dev/disk/by-uuid/74ce3d12-63a3-4838-ab84-92b1d5eb7543...
Jul 27 17:21:22 arch systemd[1]: Reached target Initrd /usr File System.
Jul 27 17:21:22 arch systemd[1]: Reached target Path Units.
Jul 27 17:21:22 arch systemd[1]: Reached target Slice Units.
Jul 27 17:21:22 arch systemd[1]: Reached target Swaps.
Jul 27 17:21:22 arch systemd[1]: Reached target Timer Units.
Jul 27 17:21:22 arch systemd[1]: Listening on Journal Socket (/dev/log).
Jul 27 17:21:22 arch systemd[1]: Listening on Journal Sockets.
Jul 27 17:21:22 arch systemd[1]: Listening on udev Control Socket.
Jul 27 17:21:22 arch systemd[1]: Listening on udev Kernel Socket.
Jul 27 17:21:22 arch systemd[1]: Reached target Socket Units.
Jul 27 17:21:22 arch systemd[1]: Starting Create List of Static Device Nodes...
Jul 27 17:21:22 arch systemd[1]: Starting Check battery level during early boot...
Jul 27 17:21:22 arch systemd[1]: Starting Journal Service...
Jul 27 17:21:22 arch systemd[1]: Starting Load Kernel Modules...
Jul 27 17:21:22 arch systemd[1]: TPM PCR Barrier (initrd) was skipped because of an unmet condition check (ConditionSecurity=measured-uki).
Jul 27 17:21:22 arch systemd[1]: Starting Virtual Console Setup...
Jul 27 17:21:22 arch systemd[1]: Finished Create List of Static Device Nodes.
Jul 27 17:21:22 arch systemd[1]: Finished Check battery level during early boot.
Jul 27 17:21:22 arch systemd[1]: Starting Create Static Device Nodes in /dev gracefully...
Jul 27 17:21:22 arch systemd[1]: Finished Virtual Console Setup.
Jul 27 17:21:22 arch systemd[1]: dracut ask for additional cmdline parameters was skipped because no trigger condition checks were met.
Jul 27 17:21:22 arch systemd[1]: Starting dracut cmdline hook...
Jul 27 17:21:22 arch systemd-journald[142]: Collecting audit messages is disabled.
Jul 27 17:21:22 arch systemd[1]: Finished Create Static Device Nodes in /dev gracefully.
Jul 27 17:21:22 arch systemd[1]: Starting Create Static Device Nodes in /dev...
Jul 27 17:21:22 arch systemd-journald[142]: Journal started
Jul 27 17:21:22 arch systemd-journald[142]: Runtime Journal (/run/log/journal/dacd4f1c6701416a81b98e3fa9015351) is 8M, max 317.4M, 309.4M free.
Jul 27 17:21:22 arch systemd-modules-load[143]: Inserted module 'crypto_user'
Jul 27 17:21:22 arch systemd[1]: Started Journal Service.
Jul 27 17:21:22 arch dracut-cmdline[153]: Using kernel command line parameters:    BOOT_IMAGE=/boot/vmlinuz-linux root=UUID=537d0fb6-33ea-41e7-9c47-e351c22a297b rw nowatchdog nvme_load=YES resume=UUID=74ce3d12-63a3-4838-ab84-92b1d5eb7543 loglevel=3
Jul 27 17:21:22 arch systemd[1]: Finished dracut cmdline hook.
Jul 27 17:21:22 arch systemd[1]: dracut pre-udev hook was skipped because no trigger condition checks were met.
Jul 27 17:21:22 arch systemd[1]: Finished Create Static Device Nodes in /dev.
Jul 27 17:21:22 arch systemd[1]: Starting Rule-based Manager for Device Events and Files...
Jul 27 17:21:22 arch systemd-udevd[209]: Using default interface naming scheme 'v257'.
Jul 27 17:21:22 arch kernel: tsc: Refined TSC clocksource calibration: 2712.009 MHz
Jul 27 17:21:22 arch kernel: clocksource: tsc: mask: 0xffffffffffffffff max_cycles: 0x27178ec3e42, max_idle_ns: 440795287235 ns
Jul 27 17:21:22 arch kernel: clocksource: Switched to clocksource tsc
Jul 27 17:21:22 arch systemd[1]: Started Rule-based Manager for Device Events and Files.
Jul 27 17:21:22 arch systemd[1]: dracut pre-trigger hook was skipped because no trigger condition checks were met.
Jul 27 17:21:22 arch systemd[1]: Starting Coldplug All udev Devices...
Jul 27 17:21:22 arch kernel: nvidia: loading out-of-tree module taints kernel.
Jul 27 17:21:22 arch kernel: nvidia: module license 'NVIDIA' taints kernel.
Jul 27 17:21:22 arch kernel: Disabling lock debugging due to kernel taint
Jul 27 17:21:22 arch kernel: nvidia: module verification failed: signature and/or required key missing - tainting kernel
Jul 27 17:21:22 arch kernel: nvidia: module license taints kernel.
Jul 27 17:21:22 arch systemd[1]: Created slice Slice /system/modprobe.
Jul 27 17:21:22 arch systemd[1]: Starting Load Kernel Module configfs...
Jul 27 17:21:22 arch systemd[1]: Finished Coldplug All udev Devices.
Jul 27 17:21:22 arch systemd[1]: dracut initqueue hook was skipped because no trigger condition checks were met.
Jul 27 17:21:22 arch systemd[1]: Reached target Preparation for Remote File Systems.
Jul 27 17:21:22 arch systemd[1]: Reached target Remote File Systems.
Jul 27 17:21:22 arch systemd[1]: dracut pre-mount hook was skipped because no trigger condition checks were met.
Jul 27 17:21:22 arch systemd[1]: modprobe@configfs.service: Deactivated successfully.
Jul 27 17:21:22 arch systemd[1]: Finished Load Kernel Module configfs.
Jul 27 17:21:22 arch systemd[1]: Found device XTL-200_256GB endeavouros.
Jul 27 17:21:22 arch systemd[1]: Found device XTL-200_256GB swap.
Jul 27 17:21:22 arch systemd[1]: Reached target Initrd Root Device.
Jul 27 17:21:22 arch systemd[1]: Starting Resume from hibernation...
Jul 27 17:21:22 arch kernel: PM: Image not found (code -22)
Jul 27 17:21:22 arch systemd[1]: systemd-hibernate-resume.service: Deactivated successfully.
Jul 27 17:21:22 arch systemd[1]: Finished Resume from hibernation.
Jul 27 17:21:22 arch systemd[1]: Reached target Preparation for Local File Systems.
Jul 27 17:21:22 arch systemd[1]: Reached target Local File Systems.
Jul 27 17:21:22 arch systemd[1]: Starting File System Check on /dev/disk/by-uuid/537d0fb6-33ea-41e7-9c47-e351c22a297b...
Jul 27 17:21:22 arch systemd[1]: Starting Create System Files and Directories...
Jul 27 17:21:22 arch systemd-fsck[249]: endeavouros: clean, 591783/14925824 files, 34302714/59683098 blocks
Jul 27 17:21:22 arch systemd[1]: Finished File System Check on /dev/disk/by-uuid/537d0fb6-33ea-41e7-9c47-e351c22a297b.
Jul 27 17:21:22 arch systemd-tmpfiles[245]: /usr/lib/tmpfiles.d/var.conf:14: Duplicate line for path "/var/log", ignoring.
Jul 27 17:21:22 arch systemd[1]: systemd-vconsole-setup.service: Deactivated successfully.
Jul 27 17:21:22 arch systemd[1]: Stopped Virtual Console Setup.
Jul 27 17:21:22 arch systemd[1]: Stopping Virtual Console Setup...
Jul 27 17:21:22 arch systemd[1]: Starting Virtual Console Setup...
Jul 27 17:21:22 arch systemd[1]: Finished Create System Files and Directories.
Jul 27 17:21:22 arch systemd[1]: Finished Virtual Console Setup.
Jul 27 17:21:23 arch kernel: cryptd: max_cpu_qlen set to 1000
Jul 27 17:21:23 arch kernel: nvidia-nvlink: Nvlink Core is being initialized, major device number 240
Jul 27 17:21:23 arch kernel: 
Jul 27 17:21:23 arch kernel: intel-lpss 0000:00:15.0: enabling device (0000 -> 0002)
Jul 27 17:21:23 arch kernel: idma64 idma64.0: Found Intel integrated DMA 64-bit
Jul 27 17:21:23 arch kernel: nvidia 0000:01:00.0: enabling device (0006 -> 0007)
Jul 27 17:21:23 arch kernel: intel-lpss 0000:00:15.1: enabling device (0000 -> 0002)
Jul 27 17:21:23 arch kernel: idma64 idma64.1: Found Intel integrated DMA 64-bit
Jul 27 17:21:23 arch kernel: intel-lpss 0000:00:1e.0: enabling device (0000 -> 0002)
Jul 27 17:21:23 arch kernel: idma64 idma64.2: Found Intel integrated DMA 64-bit
Jul 27 17:21:23 arch kernel: intel-lpss 0000:00:1e.2: enabling device (0000 -> 0002)
Jul 27 17:21:23 arch kernel: idma64 idma64.3: Found Intel integrated DMA 64-bit
Jul 27 17:21:23 arch systemd[1]: Mounting Kernel Configuration File System...
Jul 27 17:21:23 arch systemd[1]: Mounting /sysroot...
Jul 27 17:21:23 arch systemd[1]: Mounted Kernel Configuration File System.
Jul 27 17:21:23 arch kernel: input: ELAN1300:00 04F3:3057 Mouse as /devices/pci0000:00/0000:00:15.1/i2c_designware.1/i2c-1/i2c-ELAN1300:00/0018:04F3:3057.0001/input/input5
Jul 27 17:21:23 arch kernel: input: ELAN1300:00 04F3:3057 Touchpad as /devices/pci0000:00/0000:00:15.1/i2c_designware.1/i2c-1/i2c-ELAN1300:00/0018:04F3:3057.0001/input/input6
Jul 27 17:21:23 arch kernel: hid-generic 0018:04F3:3057.0001: input,hidraw0: I2C HID v1.00 Mouse [ELAN1300:00 04F3:3057] on i2c-ELAN1300:00
Jul 27 17:21:23 arch kernel: dw-apb-uart.2: ttyS4 at MMIO 0xef234000 (irq = 20, base_baud = 115200) is a 16550A
Jul 27 17:21:23 arch kernel: EXT4-fs (sda2): mounted filesystem 537d0fb6-33ea-41e7-9c47-e351c22a297b r/w with ordered data mode. Quota mode: none.
Jul 27 17:21:23 arch systemd[1]: Mounted /sysroot.
Jul 27 17:21:23 arch systemd[1]: Reached target Initrd Root File System.
Jul 27 17:21:23 arch systemd[1]: Starting Mountpoints Configured in the Real Root...
Jul 27 17:21:23 arch kernel: i2c_hid_acpi i2c-ELAN1300:00: device returned incorrect report (2 vs 14 expected)
Jul 27 17:21:23 arch kernel: hid-multitouch 0018:04F3:3057.0001: failed to fetch feature 14
Jul 27 17:21:23 arch kernel: input: ELAN1300:00 04F3:3057 Mouse as /devices/pci0000:00/0000:00:15.1/i2c_designware.1/i2c-1/i2c-ELAN1300:00/0018:04F3:3057.0001/input/input7
Jul 27 17:21:23 arch kernel: input: ELAN1300:00 04F3:3057 Touchpad as /devices/pci0000:00/0000:00:15.1/i2c_designware.1/i2c-1/i2c-ELAN1300:00/0018:04F3:3057.0001/input/input8
Jul 27 17:21:23 arch kernel: hid-multitouch 0018:04F3:3057.0001: input,hidraw0: I2C HID v1.00 Mouse [ELAN1300:00 04F3:3057] on i2c-ELAN1300:00
Jul 27 17:21:23 arch systemd[1]: initrd-parse-etc.service: Deactivated successfully.
Jul 27 17:21:23 arch systemd[1]: Finished Mountpoints Configured in the Real Root.
Jul 27 17:21:23 arch systemd[1]: Reached target Initrd File Systems.
Jul 27 17:21:23 arch kernel: NVRM: loading NVIDIA UNIX x86_64 Kernel Module  575.64.05  Fri Jul 18 16:01:21 UTC 2025
Jul 27 17:21:23 arch systemd[1]: dracut mount hook was skipped because no trigger condition checks were met.
Jul 27 17:21:23 arch kernel: nvidia_uvm: module uses symbols nvUvmInterfaceDisableAccessCntr from proprietary module nvidia, inheriting taint.
Jul 27 17:21:23 arch kernel: nvidia-modeset: Loading NVIDIA Kernel Mode Setting Driver for UNIX platforms  575.64.05  Fri Jul 18 15:45:08 UTC 2025
Jul 27 17:21:23 arch kernel: [drm] [nvidia-drm] [GPU ID 0x00000100] Loading driver
Jul 27 17:21:23 arch kernel: [drm] Initialized nvidia-drm 0.0.0 for 0000:01:00.0 on minor 1
Jul 27 17:21:23 arch kernel: nvidia 0000:01:00.0: [drm] No compatible format found
Jul 27 17:21:23 arch kernel: nvidia 0000:01:00.0: [drm] Cannot find any crtc or sizes
Jul 27 17:21:23 arch systemd-modules-load[143]: Inserted module 'nvidia_uvm'
Jul 27 17:21:23 arch systemd-modules-load[143]: Inserted module 'pkcs8_key_parser'
Jul 27 17:21:23 arch kernel: Asymmetric key parser 'pkcs8' registered
Jul 27 17:21:23 arch systemd[1]: Finished Load Kernel Modules.
Jul 27 17:21:23 arch systemd[1]: Starting Apply Kernel Variables...
Jul 27 17:21:23 arch systemd[1]: Finished Apply Kernel Variables.
Jul 27 17:21:23 arch systemd[1]: Reached target System Initialization.
Jul 27 17:21:23 arch systemd[1]: Reached target Basic System.
Jul 27 17:21:23 arch systemd[1]: Reached target Initrd Default Target.
Jul 27 17:21:23 arch systemd[1]: dracut pre-pivot and cleanup hook was skipped because no trigger condition checks were met.
Jul 27 17:21:23 arch systemd[1]: Starting Cleaning Up and Shutting Down Daemons...
Jul 27 17:21:23 arch systemd[1]: Stopped target Initrd Default Target.
Jul 27 17:21:23 arch systemd[1]: Stopped target Basic System.
Jul 27 17:21:23 arch systemd[1]: Stopped target Initrd Root Device.
Jul 27 17:21:23 arch systemd[1]: Stopped target Initrd /usr File System.
Jul 27 17:21:23 arch systemd[1]: Stopped target Path Units.
Jul 27 17:21:23 arch systemd[1]: systemd-ask-password-console.path: Deactivated successfully.
Jul 27 17:21:23 arch systemd[1]: Stopped Dispatch Password Requests to Console Directory Watch.
Jul 27 17:21:23 arch systemd[1]: Stopped target Remote File Systems.
Jul 27 17:21:23 arch systemd[1]: Stopped target Preparation for Remote File Systems.
Jul 27 17:21:23 arch systemd[1]: Stopped target Slice Units.
Jul 27 17:21:23 arch systemd[1]: Stopped target Socket Units.
Jul 27 17:21:23 arch systemd[1]: Stopped target System Initialization.
Jul 27 17:21:23 arch systemd[1]: Stopped target Swaps.
Jul 27 17:21:23 arch systemd[1]: Stopped target Timer Units.
Jul 27 17:21:23 arch systemd[1]: dracut-cmdline.service: Deactivated successfully.
Jul 27 17:21:23 arch systemd[1]: Stopped dracut cmdline hook.
Jul 27 17:21:23 arch systemd[1]: systemd-battery-check.service: Deactivated successfully.
Jul 27 17:21:23 arch systemd[1]: Stopped Check battery level during early boot.
Jul 27 17:21:23 arch systemd[1]: systemd-sysctl.service: Deactivated successfully.
Jul 27 17:21:23 arch systemd[1]: Stopped Apply Kernel Variables.
Jul 27 17:21:23 arch systemd[1]: systemd-modules-load.service: Deactivated successfully.
Jul 27 17:21:23 arch systemd[1]: Stopped Load Kernel Modules.
Jul 27 17:21:23 arch systemd[1]: systemd-tmpfiles-setup.service: Deactivated successfully.
Jul 27 17:21:23 arch systemd[1]: Stopped Create System Files and Directories.
Jul 27 17:21:23 arch systemd[1]: Stopped target Local File Systems.
Jul 27 17:21:23 arch systemd[1]: Stopped target Preparation for Local File Systems.
Jul 27 17:21:23 arch systemd[1]: systemd-udev-trigger.service: Deactivated successfully.
Jul 27 17:21:23 arch systemd[1]: Stopped Coldplug All udev Devices.
Jul 27 17:21:23 arch systemd[1]: Stopping Rule-based Manager for Device Events and Files...
Jul 27 17:21:23 arch systemd[1]: systemd-vconsole-setup.service: Deactivated successfully.
Jul 27 17:21:23 arch systemd[1]: Stopped Virtual Console Setup.
Jul 27 17:21:23 arch systemd[1]: systemd-udevd.service: Deactivated successfully.
Jul 27 17:21:23 arch systemd[1]: Stopped Rule-based Manager for Device Events and Files.
Jul 27 17:21:23 arch systemd[1]: systemd-udevd.service: Consumed 1.265s CPU time, 17.2M memory peak.
Jul 27 17:21:23 arch systemd[1]: initrd-cleanup.service: Deactivated successfully.
Jul 27 17:21:23 arch systemd[1]: Finished Cleaning Up and Shutting Down Daemons.
Jul 27 17:21:23 arch systemd[1]: systemd-udevd-control.socket: Deactivated successfully.
Jul 27 17:21:23 arch systemd[1]: Closed udev Control Socket.
Jul 27 17:21:23 arch systemd[1]: systemd-udevd-kernel.socket: Deactivated successfully.
Jul 27 17:21:23 arch systemd[1]: Closed udev Kernel Socket.
Jul 27 17:21:23 arch systemd[1]: Starting Cleanup udev Database...
Jul 27 17:21:23 arch systemd[1]: systemd-tmpfiles-setup-dev.service: Deactivated successfully.
Jul 27 17:21:23 arch systemd[1]: Stopped Create Static Device Nodes in /dev.
Jul 27 17:21:23 arch systemd[1]: systemd-tmpfiles-setup-dev-early.service: Deactivated successfully.
Jul 27 17:21:23 arch systemd[1]: Stopped Create Static Device Nodes in /dev gracefully.
Jul 27 17:21:23 arch systemd[1]: kmod-static-nodes.service: Deactivated successfully.
Jul 27 17:21:23 arch systemd[1]: Stopped Create List of Static Device Nodes.
Jul 27 17:21:23 arch systemd[1]: initrd-udevadm-cleanup-db.service: Deactivated successfully.
Jul 27 17:21:23 arch systemd[1]: Finished Cleanup udev Database.
Jul 27 17:21:23 arch systemd[1]: Reached target Switch Root.
Jul 27 17:21:23 arch systemd[1]: Starting Switch Root...
Jul 27 17:21:23 arch systemd[1]: Switching root.
Jul 27 17:21:23 arch systemd-journald[142]: Journal stopped
Jul 27 17:21:24 arch systemd-journald[142]: Received SIGTERM from PID 1 (systemd).
Jul 27 17:21:24 arch systemd[1]: systemd 257.7-1-arch running in system mode (+PAM +AUDIT -SELINUX -APPARMOR -IMA +IPE +SMACK +SECCOMP +GCRYPT +GNUTLS +OPENSSL +ACL +BLKID +CURL +ELFUTILS +FIDO2 +IDN2 -IDN +IPTC +KMOD +LIBCRYPTSETUP +LIBCRYPTSETUP_PLUGINS +LIBFDISK +PCRE2 +PWQUALITY +P11KIT +QRENCODE +TPM2 +BZIP2 +LZ4 +XZ +ZLIB +ZSTD +BPF_FRAMEWORK +BTF +XKBCOMMON +UTMP -SYSVINIT +LIBARCHIVE)
Jul 27 17:21:24 arch systemd[1]: Detected architecture x86-64.
Jul 27 17:21:24 arch systemd[1]: bpf-restrict-fs: LSM BPF program attached
Jul 27 17:21:24 arch systemd[1]: initrd-switch-root.service: Deactivated successfully.
Jul 27 17:21:24 arch systemd[1]: Stopped Switch Root.
Jul 27 17:21:24 arch systemd[1]: systemd-journald.service: Scheduled restart job, restart counter is at 1.
Jul 27 17:21:24 arch systemd[1]: Created slice Slice /system/dirmngr.
Jul 27 17:21:24 arch systemd[1]: Created slice Slice /system/getty.
Jul 27 17:21:24 arch systemd[1]: Created slice Slice /system/gpg-agent.
Jul 27 17:21:24 arch systemd[1]: Created slice Slice /system/gpg-agent-browser.
Jul 27 17:21:24 arch systemd[1]: Created slice Slice /system/gpg-agent-extra.
Jul 27 17:21:24 arch systemd[1]: Created slice Slice /system/gpg-agent-ssh.
Jul 27 17:21:24 arch systemd[1]: Created slice Slice /system/keyboxd.
Jul 27 17:21:24 arch systemd[1]: Created slice Slice /system/systemd-fsck.
Jul 27 17:21:24 arch systemd[1]: Created slice User and Session Slice.
Jul 27 17:21:24 arch systemd[1]: Started Dispatch Password Requests to Console Directory Watch.
Jul 27 17:21:24 arch systemd[1]: Started Forward Password Requests to Wall Directory Watch.
Jul 27 17:21:24 arch systemd[1]: Set up automount Arbitrary Executable File Formats File System Automount Point.
Jul 27 17:21:24 arch systemd[1]: Expecting device /dev/disk/by-uuid/74ce3d12-63a3-4838-ab84-92b1d5eb7543...
Jul 27 17:21:24 arch systemd[1]: Expecting device /dev/disk/by-uuid/C261-DA8D...
Jul 27 17:21:24 arch systemd[1]: Reached target Local Encrypted Volumes.
Jul 27 17:21:24 arch systemd[1]: Reached target Login Prompts.
Jul 27 17:21:24 arch systemd[1]: Stopped target Switch Root.
Jul 27 17:21:24 arch systemd[1]: Stopped target Initrd File Systems.
Jul 27 17:21:24 arch systemd[1]: Stopped target Initrd Root File System.
Jul 27 17:21:24 arch systemd[1]: Reached target Local Integrity Protected Volumes.
Jul 27 17:21:24 arch systemd[1]: Reached target Path Units.
Jul 27 17:21:24 arch systemd[1]: Reached target Remote File Systems.
Jul 27 17:21:24 arch systemd[1]: Reached target Slice Units.
Jul 27 17:21:24 arch systemd[1]: Reached target Local Verity Protected Volumes.
Jul 27 17:21:24 arch systemd[1]: Listening on Device-mapper event daemon FIFOs.
Jul 27 17:21:24 arch systemd[1]: Listening on LVM2 poll daemon socket.
Jul 27 17:21:24 arch systemd[1]: Listening on Process Core Dump Socket.
Jul 27 17:21:24 arch systemd[1]: Listening on Credential Encryption/Decryption.
Jul 27 17:21:24 arch systemd[1]: TPM PCR Measurements was skipped because of an unmet condition check (ConditionSecurity=measured-uki).
Jul 27 17:21:24 arch systemd[1]: Make TPM PCR Policy was skipped because of an unmet condition check (ConditionSecurity=measured-uki).
Jul 27 17:21:24 arch systemd[1]: Listening on udev Control Socket.
Jul 27 17:21:24 arch systemd[1]: Listening on udev Kernel Socket.
Jul 27 17:21:24 arch systemd[1]: Listening on User Database Manager Socket.
Jul 27 17:21:24 arch systemd[1]: Mounting Huge Pages File System...
Jul 27 17:21:24 arch systemd[1]: Mounting POSIX Message Queue File System...
Jul 27 17:21:24 arch systemd[1]: Mounting Kernel Debug File System...
Jul 27 17:21:24 arch systemd[1]: Mounting Kernel Trace File System...
Jul 27 17:21:24 arch systemd[1]: Starting Create List of Static Device Nodes...
Jul 27 17:21:24 arch systemd[1]: Starting Monitoring of LVM2 mirrors, snapshots etc. using dmeventd or progress polling...
Jul 27 17:21:24 arch systemd[1]: Starting Load Kernel Module configfs...
Jul 27 17:21:24 arch systemd[1]: Starting Load Kernel Module dm_mod...
Jul 27 17:21:24 arch systemd[1]: Starting Load Kernel Module drm...
Jul 27 17:21:24 arch systemd[1]: Starting Load Kernel Module fuse...
Jul 27 17:21:24 arch systemd[1]: Starting Load Kernel Module loop...
Jul 27 17:21:24 arch systemd[1]: Clear Stale Hibernate Storage Info was skipped because of an unmet condition check (ConditionPathExists=/sys/firmware/efi/efivars/HibernateLocation-8cf2644b-4b0b-428f-9387-6d876050dc67).
Jul 27 17:21:24 arch systemd[1]: Starting Journal Service...
Jul 27 17:21:24 arch systemd[1]: Starting Load Kernel Modules...
Jul 27 17:21:24 arch kernel: device-mapper: uevent: version 1.0.3
Jul 27 17:21:24 arch kernel: loop: module loaded
Jul 27 17:21:24 arch kernel: device-mapper: ioctl: 4.49.0-ioctl (2025-01-17) initialised: dm-devel@lists.linux.dev
Jul 27 17:21:24 arch systemd[1]: TPM PCR Machine ID Measurement was skipped because of an unmet condition check (ConditionSecurity=measured-uki).
Jul 27 17:21:24 arch systemd[1]: Starting Remount Root and Kernel File Systems...
Jul 27 17:21:24 arch systemd[1]: Early TPM SRK Setup was skipped because of an unmet condition check (ConditionSecurity=measured-uki).
Jul 27 17:21:24 arch systemd[1]: Starting Load udev Rules from Credentials...
Jul 27 17:21:24 arch systemd[1]: Starting Coldplug All udev Devices...
Jul 27 17:21:24 arch systemd[1]: Mounted Huge Pages File System.
Jul 27 17:21:24 arch systemd[1]: Mounted POSIX Message Queue File System.
Jul 27 17:21:24 arch systemd[1]: Mounted Kernel Debug File System.
Jul 27 17:21:24 arch systemd[1]: Mounted Kernel Trace File System.
Jul 27 17:21:24 arch kernel: EXT4-fs (sda2): re-mounted 537d0fb6-33ea-41e7-9c47-e351c22a297b.
Jul 27 17:21:24 arch systemd-journald[331]: Collecting audit messages is disabled.
Jul 27 17:21:24 arch systemd[1]: Finished Create List of Static Device Nodes.
Jul 27 17:21:24 arch systemd[1]: Finished Monitoring of LVM2 mirrors, snapshots etc. using dmeventd or progress polling.
Jul 27 17:21:24 arch systemd[1]: modprobe@configfs.service: Deactivated successfully.
Jul 27 17:21:24 arch systemd[1]: Finished Load Kernel Module configfs.
Jul 27 17:21:24 arch systemd[1]: modprobe@dm_mod.service: Deactivated successfully.
Jul 27 17:21:24 arch systemd[1]: Finished Load Kernel Module dm_mod.
Jul 27 17:21:24 arch systemd[1]: modprobe@drm.service: Deactivated successfully.
Jul 27 17:21:24 arch systemd[1]: Finished Load Kernel Module drm.
Jul 27 17:21:24 arch systemd-journald[331]: Journal started
Jul 27 17:21:24 arch systemd-journald[331]: Runtime Journal (/run/log/journal/dacd4f1c6701416a81b98e3fa9015351) is 8M, max 317.4M, 309.4M free.
Jul 27 17:21:24 arch systemd[1]: Queued start job for default target Graphical Interface.
Jul 27 17:21:24 arch systemd[1]: systemd-journald.service: Deactivated successfully.
Jul 27 17:21:24 arch systemd[1]: Started Journal Service.
Jul 27 17:21:24 arch systemd[1]: modprobe@fuse.service: Deactivated successfully.
Jul 27 17:21:24 arch systemd[1]: Finished Load Kernel Module fuse.
Jul 27 17:21:24 arch systemd[1]: modprobe@loop.service: Deactivated successfully.
Jul 27 17:21:24 arch systemd[1]: Finished Load Kernel Module loop.
Jul 27 17:21:24 arch systemd[1]: Finished Load Kernel Modules.
Jul 27 17:21:24 arch systemd[1]: Finished Remount Root and Kernel File Systems.
Jul 27 17:21:24 arch systemd[1]: Finished Load udev Rules from Credentials.
Jul 27 17:21:24 arch systemd[1]: Mounting FUSE Control File System...
Jul 27 17:21:24 arch systemd[1]: Rebuild Hardware Database was skipped because no trigger condition checks were met.
Jul 27 17:21:24 arch systemd[1]: Starting Flush Journal to Persistent Storage...
Jul 27 17:21:24 arch systemd[1]: Starting Load/Save OS Random Seed...
Jul 27 17:21:24 arch systemd[1]: Repartition Root Disk was skipped because no trigger condition checks were met.
Jul 27 17:21:24 arch systemd[1]: Starting Apply Kernel Variables...
Jul 27 17:21:24 arch systemd-journald[331]: Time spent on flushing to /var/log/journal/dacd4f1c6701416a81b98e3fa9015351 is 134.684ms for 993 entries.
Jul 27 17:21:24 arch systemd-journald[331]: System Journal (/var/log/journal/dacd4f1c6701416a81b98e3fa9015351) is 104M, max 4G, 3.8G free.
Jul 27 17:21:25 arch systemd-journald[331]: Received client request to flush runtime journal.
Jul 27 17:21:24 arch systemd[1]: Starting Create Static Device Nodes in /dev gracefully...
Jul 27 17:21:24 arch systemd[1]: TPM SRK Setup was skipped because of an unmet condition check (ConditionSecurity=measured-uki).
Jul 27 17:21:24 arch systemd[1]: Mounted FUSE Control File System.
Jul 27 17:21:24 arch systemd[1]: Finished Load/Save OS Random Seed.
Jul 27 17:21:24 arch systemd[1]: Finished Apply Kernel Variables.
Jul 27 17:21:24 arch systemd[1]: Starting User Database Manager...
Jul 27 17:21:24 arch systemd[1]: Started User Database Manager.
Jul 27 17:21:24 arch systemd[1]: Finished Create Static Device Nodes in /dev gracefully.
Jul 27 17:21:24 arch systemd[1]: Starting Create System Users...
Jul 27 17:21:24 arch systemd[1]: Finished Coldplug All udev Devices.
Jul 27 17:21:25 arch systemd[1]: Finished Flush Journal to Persistent Storage.
Jul 27 17:21:25 arch systemd[1]: Finished Create System Users.
Jul 27 17:21:25 arch systemd[1]: Starting Network Time Synchronization...
Jul 27 17:21:25 arch systemd[1]: Starting Create Static Device Nodes in /dev...
Jul 27 17:21:25 arch systemd[1]: Finished Create Static Device Nodes in /dev.
Jul 27 17:21:25 arch systemd[1]: Reached target Preparation for Local File Systems.
Jul 27 17:21:25 arch systemd[1]: Starting Rule-based Manager for Device Events and Files...
Jul 27 17:21:25 arch systemd[1]: Started Network Time Synchronization.
Jul 27 17:21:25 arch systemd[1]: Reached target System Time Set.
Jul 27 17:21:25 arch systemd-udevd[384]: Using default interface naming scheme 'v257'.
Jul 27 17:21:25 arch systemd[1]: Started Rule-based Manager for Device Events and Files.
Jul 27 17:21:25 arch systemd[1]: Starting Load Kernel Module configfs...
Jul 27 17:21:25 arch systemd[1]: Starting Load Kernel Module fuse...
Jul 27 17:21:25 arch systemd[1]: modprobe@configfs.service: Deactivated successfully.
Jul 27 17:21:25 arch systemd[1]: Finished Load Kernel Module configfs.
Jul 27 17:21:25 arch systemd[1]: modprobe@fuse.service: Deactivated successfully.
Jul 27 17:21:25 arch systemd[1]: Finished Load Kernel Module fuse.
Jul 27 17:21:25 arch systemd[1]: Condition check resulted in /dev/tpmrm0 being skipped.
Jul 27 17:21:25 arch systemd[1]: Reached target Trusted Platform Module.
Jul 27 17:21:25 arch systemd[1]: Condition check resulted in XTL-200_256GB EFI being skipped.
Jul 27 17:21:25 arch systemd[1]: Found device XTL-200_256GB swap.
Jul 27 17:21:25 arch systemd[1]: Activating swap /dev/disk/by-uuid/74ce3d12-63a3-4838-ab84-92b1d5eb7543...
Jul 27 17:21:25 arch systemd[1]: Starting File System Check on /dev/disk/by-uuid/C261-DA8D...
Jul 27 17:21:25 arch kernel: input: Asus Wireless Radio Control as /devices/LNXSYSTM:00/LNXSYBUS:00/ATK4002:00/input/input9
